gdr116:67600:67637 [1] NCCL INFO proxyProgressAsync opId=0x70ba68000bd0 op.type=3 op.reqBuff=0x70b94c006c50 op.respSize=112 done
gdr116:67600:67642 [1] NCCL INFO ncclPollProxyResponse Received new opId=0x70ba68000bd0
gdr116:67600:67637 [1] NCCL INFO Received and initiated operation=Setup res=0
gdr116:67600:67642 [1] NCCL INFO resp.opId=0x70ba68000bd0 matches expected opId=0x70ba68000bd0
gdr116:67600:67637 [1] NCCL INFO New proxy recv connection 3 from local rank 1, transport 1
gdr116:67600:67637 [1] NCCL INFO proxyProgressAsync opId=0x70ba68000bd0 op.type=1 op.reqBuff=0x70b94c006c50 op.respSize=16 done
gdr116:67600:67642 [1] NCCL INFO ncclPollProxyResponse Received new opId=0x70ba68000bd0
gdr116:67600:67637 [1] NCCL INFO Received and initiated operation=Init res=0
gdr116:67600:67642 [1] NCCL INFO resp.opId=0x70ba68000bd0 matches expected opId=0x70ba68000bd0
gdr116:67600:67642 [1] NCCL INFO Connected to proxy localRank 1 -> connection 0x70b94c000e88
gdr114:842736:842844 [1] ncclShmAllocateShareableBuffer, 560 NCCL INFO MMAP allocated shareable host buffer /dev/shm/nccl-nO6Rmp size 9637888 ptr 0x702228e94000
gdr114:842736:842844 [1] proxyProgressAsync, 1477 NCCL INFO proxyProgressAsync opId=0x702338000bd0 op.type=3 op.reqBuff=0x702224006c50 op.respSize=112 done
gdr114:842736:842848 [1] ncclPollProxyResponse, 1278 NCCL INFO ncclPollProxyResponse Received new opId=0x702338000bd0
gdr114:842736:842844 [1] ncclProxyService, 1691 NCCL INFO Received and initiated operation=Setup res=0
gdr114:842736:842848 [1] ncclPollProxyResponse, 1291 NCCL INFO resp.opId=0x702338000bd0 matches expected opId=0x702338000bd0
gdr114:842736:842844 [1] proxyConnInit, 1403 NCCL INFO New proxy recv connection 3 from local rank 1, transport 1
gdr114:842736:842844 [1] proxyProgressAsync, 1477 NCCL INFO proxyProgressAsync opId=0x702338000bd0 op.type=1 op.reqBuff=0x702224006c50 op.respSize=16 done
gdr114:842736:842848 [1] ncclPollProxyResponse, 1278 NCCL INFO ncclPollProxyResponse Received new opId=0x702338000bd0
gdr114:842736:842844 [1] ncclProxyService, 1691 NCCL INFO Received and initiated operation=Init res=0
gdr114:842736:842848 [1] ncclPollProxyResponse, 1291 NCCL INFO resp.opId=0x702338000bd0 matches expected opId=0x702338000bd0
gdr114:842736:842848 [1] ncclProxyConnect, 1134 NCCL INFO Connected to proxy localRank 1 -> connection 0x702224000e88
gdr116:67600:67637 [1] NCCL INFO Allocated 9637892 bytes of shared memory in /dev/shm/nccl-fGqHsI
gdr114:842736:842844 [1] ncclShmOpen, 91 NCCL INFO Allocated 9637892 bytes of shared memory in /dev/shm/nccl-p6SvXM
gdr116:67600:67637 [1] NCCL INFO MMAP allocated shareable host buffer /dev/shm/nccl-fGqHsI size 9637888 ptr 0x70b98846a000
gdr116:67600:67637 [1] NCCL INFO proxyProgressAsync opId=0x70ba68000bd0 op.type=3 op.reqBuff=0x70b94c007db0 op.respSize=112 done
gdr116:67600:67642 [1] NCCL INFO ncclPollProxyResponse Received new opId=0x70ba68000bd0
gdr116:67600:67637 [1] NCCL INFO Received and initiated operation=Setup res=0
gdr116:67600:67642 [1] NCCL INFO resp.opId=0x70ba68000bd0 matches expected opId=0x70ba68000bd0
gdr114:842736:842844 [1] ncclShmAllocateShareableBuffer, 560 NCCL INFO MMAP allocated shareable host buffer /dev/shm/nccl-p6SvXM size 9637888 ptr 0x702228562000
gdr114:842736:842844 [1] proxyProgressAsync, 1477 NCCL INFO proxyProgressAsync opId=0x702338000bd0 op.type=3 op.reqBuff=0x702224007db0 op.respSize=112 done
gdr114:842736:842848 [1] ncclPollProxyResponse, 1278 NCCL INFO ncclPollProxyResponse Received new opId=0x702338000bd0
gdr114:842736:842844 [1] ncclProxyService, 1691 NCCL INFO Received and initiated operation=Setup res=0
gdr114:842736:842848 [1] ncclPollProxyResponse, 1291 NCCL INFO resp.opId=0x702338000bd0 matches expected opId=0x702338000bd0
gdr116:67599:67638 [0] NCCL INFO New proxy recv connection 0 from local rank 0, transport 2
gdr116:67599:67638 [0] NCCL INFO proxyProgressAsync opId=0x7fbad8000bd0 op.type=1 op.reqBuff=0x7fb9bc000cc0 op.respSize=16 done
gdr116:67599:67641 [0] NCCL INFO ncclPollProxyResponse Received new opId=0x7fbad8000bd0
gdr116:67599:67641 [0] NCCL INFO resp.opId=0x7fbad8000bd0 matches expected opId=0x7fbad8000bd0
gdr116:67599:67638 [0] NCCL INFO Received and initiated operation=Init res=0
gdr116:67599:67641 [0] NCCL INFO Connected to proxy localRank 0 -> connection 0x7fb9bc000d20
gdr116:67599:67643 [0] NCCL INFO [Proxy Progress] Device 0 CPU core 34
gdr116:67599:67638 [0] NCCL INFO proxyProgressAsync opId=0x7fbad8000bd0 op.type=3 op.reqBuff=0x7fb9bc004b20 op.respSize=128 done
gdr116:67599:67641 [0] NCCL INFO ncclPollProxyResponse Received new opId=0x7fbad8000bd0
gdr116:67599:67638 [0] NCCL INFO Received and initiated operation=Setup res=0
gdr116:67599:67641 [0] NCCL INFO resp.opId=0x7fbad8000bd0 matches expected opId=0x7fbad8000bd0
gdr116:67599:67641 [0] NCCL INFO Channel 00/0 : 1[1] -> 2[0] [receive] via NET/IB/2
gdr114:842735:842845 [0] proxyConnInit, 1403 NCCL INFO New proxy recv connection 0 from local rank 0, transport 2
gdr114:842735:842845 [0] proxyProgressAsync, 1477 NCCL INFO proxyProgressAsync opId=0x74a000000bd0 op.type=1 op.reqBuff=0x749eec000cc0 op.respSize=16 done
gdr116:67599:67638 [0] NCCL INFO New proxy recv connection 1 from local rank 0, transport 2
gdr116:67599:67638 [0] NCCL INFO proxyProgressAsync opId=0x7fbad8000bd0 op.type=1 op.reqBuff=0x7fb9bc000ce0 op.respSize=16 done
gdr116:67599:67641 [0] NCCL INFO ncclPollProxyResponse Received new opId=0x7fbad8000bd0
gdr114:842735:842849 [0] ncclPollProxyResponse, 1278 NCCL INFO ncclPollProxyResponse Received new opId=0x74a000000bd0
gdr114:842735:842849 [0] ncclPollProxyResponse, 1291 NCCL INFO resp.opId=0x74a000000bd0 matches expected opId=0x74a000000bd0
gdr114:842735:842845 [0] ncclProxyService, 1691 NCCL INFO Received and initiated operation=Init res=0
gdr116:67599:67638 [0] NCCL INFO Received and initiated operation=Init res=0
gdr116:67599:67641 [0] NCCL INFO resp.opId=0x7fbad8000bd0 matches expected opId=0x7fbad8000bd0
gdr116:67599:67641 [0] NCCL INFO Connected to proxy localRank 0 -> connection 0x7fb9bc000d98
gdr114:842735:842849 [0] ncclProxyConnect, 1134 NCCL INFO Connected to proxy localRank 0 -> connection 0x749eec000d20
gdr114:842735:842851 [0] ncclProxyProgress, 910 NCCL INFO [Proxy Progress] Device 0 CPU core 10
gdr116:67599:67638 [0] NCCL INFO proxyProgressAsync opId=0x7fbad8000bd0 op.type=3 op.reqBuff=0x7fb9bc004b20 op.respSize=128 done
gdr116:67599:67641 [0] NCCL INFO ncclPollProxyResponse Received new opId=0x7fbad8000bd0
gdr116:67599:67638 [0] NCCL INFO Received and initiated operation=Setup res=0
gdr116:67599:67641 [0] NCCL INFO resp.opId=0x7fbad8000bd0 matches expected opId=0x7fbad8000bd0
gdr116:67599:67641 [0] NCCL INFO Channel 01/0 : 1[1] -> 2[0] [receive] via NET/IB/3
gdr114:842735:842845 [0] proxyProgressAsync, 1477 NCCL INFO proxyProgressAsync opId=0x74a000000bd0 op.type=3 op.reqBuff=0x749eec004b20 op.respSize=128 done
gdr114:842735:842849 [0] ncclPollProxyResponse, 1278 NCCL INFO ncclPollProxyResponse Received new opId=0x74a000000bd0
gdr114:842735:842845 [0] ncclProxyService, 1691 NCCL INFO Received and initiated operation=Setup res=0
gdr114:842735:842849 [0] ncclPollProxyResponse, 1291 NCCL INFO resp.opId=0x74a000000bd0 matches expected opId=0x74a000000bd0
gdr116:67599:67638 [0] NCCL INFO New proxy recv connection 2 from local rank 0, transport 2
gdr116:67599:67638 [0] NCCL INFO proxyProgressAsync opId=0x7fbad8000bd0 op.type=1 op.reqBuff=0x7fb9bc000cc0 op.respSize=16 done
gdr116:67599:67641 [0] NCCL INFO ncclPollProxyResponse Received new opId=0x7fbad8000bd0
gdr116:67599:67638 [0] NCCL INFO Received and initiated operation=Init res=0
gdr114:842735:842849 [0] recvSetup, 263 NCCL INFO Channel 00/0 : 3[1] -> 0[0] [receive] via NET/IB/2
gdr114:842735:842845 [0] proxyConnInit, 1403 NCCL INFO New proxy recv connection 1 from local rank 0, transport 2
gdr114:842735:842845 [0] proxyProgressAsync, 1477 NCCL INFO proxyProgressAsync opId=0x74a000000bd0 op.type=1 op.reqBuff=0x749eec000ce0 op.respSize=16 done
gdr116:67599:67641 [0] NCCL INFO resp.opId=0x7fbad8000bd0 matches expected opId=0x7fbad8000bd0
gdr116:67599:67641 [0] NCCL INFO Connected to proxy localRank 0 -> connection 0x7fb9bc000e10
gdr114:842735:842849 [0] ncclPollProxyResponse, 1278 NCCL INFO ncclPollProxyResponse Received new opId=0x74a000000bd0
gdr114:842735:842845 [0] ncclProxyService, 1691 NCCL INFO Received and initiated operation=Init res=0
gdr114:842735:842849 [0] ncclPollProxyResponse, 1291 NCCL INFO resp.opId=0x74a000000bd0 matches expected opId=0x74a000000bd0
gdr114:842735:842849 [0] ncclProxyConnect, 1134 NCCL INFO Connected to proxy localRank 0 -> connection 0x749eec000d98
gdr116:67599:67638 [0] NCCL INFO proxyProgressAsync opId=0x7fbad8000bd0 op.type=3 op.reqBuff=0x7fb9bc004b20 op.respSize=128 done
gdr116:67599:67641 [0] NCCL INFO ncclPollProxyResponse Received new opId=0x7fbad8000bd0
gdr116:67599:67638 [0] NCCL INFO Received and initiated operation=Setup res=0
gdr116:67599:67641 [0] NCCL INFO resp.opId=0x7fbad8000bd0 matches expected opId=0x7fbad8000bd0
gdr114:842735:842845 [0] proxyProgressAsync, 1477 NCCL INFO proxyProgressAsync opId=0x74a000000bd0 op.type=3 op.reqBuff=0x749eec004b20 op.respSize=128 done
gdr114:842735:842849 [0] ncclPollProxyResponse, 1278 NCCL INFO ncclPollProxyResponse Received new opId=0x74a000000bd0
gdr114:842735:842845 [0] ncclProxyService, 1691 NCCL INFO Received and initiated operation=Setup res=0
gdr114:842735:842849 [0] ncclPollProxyResponse, 1291 NCCL INFO resp.opId=0x74a000000bd0 matches expected opId=0x74a000000bd0
gdr114:842735:842849 [0] recvSetup, 263 NCCL INFO Channel 01/0 : 3[1] -> 0[0] [receive] via NET/IB/3
gdr116:67599:67641 [0] NCCL INFO Channel 02/0 : 1[1] -> 2[0] [receive] via NET/IB/2
gdr116:67599:67638 [0] NCCL INFO New proxy recv connection 3 from local rank 0, transport 2
gdr116:67599:67638 [0] NCCL INFO proxyProgressAsync opId=0x7fbad8000bd0 op.type=1 op.reqBuff=0x7fb9bc000ce0 op.respSize=16 done
gdr116:67599:67641 [0] NCCL INFO ncclPollProxyResponse Received new opId=0x7fbad8000bd0
gdr116:67599:67638 [0] NCCL INFO Received and initiated operation=Init res=0
gdr116:67599:67641 [0] NCCL INFO resp.opId=0x7fbad8000bd0 matches expected opId=0x7fbad8000bd0
gdr116:67599:67641 [0] NCCL INFO Connected to proxy localRank 0 -> connection 0x7fb9bc000e88
gdr114:842735:842845 [0] proxyConnInit, 1403 NCCL INFO New proxy recv connection 2 from local rank 0, transport 2
gdr114:842735:842845 [0] proxyProgressAsync, 1477 NCCL INFO proxyProgressAsync opId=0x74a000000bd0 op.type=1 op.reqBuff=0x749eec000cc0 op.respSize=16 done
gdr114:842735:842849 [0] ncclPollProxyResponse, 1278 NCCL INFO ncclPollProxyResponse Received new opId=0x74a000000bd0
gdr114:842735:842845 [0] ncclProxyService, 1691 NCCL INFO Received and initiated operation=Init res=0
gdr114:842735:842849 [0] ncclPollProxyResponse, 1291 NCCL INFO resp.opId=0x74a000000bd0 matches expected opId=0x74a000000bd0
gdr114:842735:842849 [0] ncclProxyConnect, 1134 NCCL INFO Connected to proxy localRank 0 -> connection 0x749eec000e10
gdr114:842735:842845 [0] proxyProgressAsync, 1477 NCCL INFO proxyProgressAsync opId=0x74a000000bd0 op.type=3 op.reqBuff=0x749eec004b20 op.respSize=128 done
gdr116:67599:67638 [0] NCCL INFO proxyProgressAsync opId=0x7fbad8000bd0 op.type=3 op.reqBuff=0x7fb9bc004b20 op.respSize=128 done
gdr116:67599:67641 [0] NCCL INFO ncclPollProxyResponse Received new opId=0x7fbad8000bd0
gdr116:67599:67638 [0] NCCL INFO Received and initiated operation=Setup res=0
gdr114:842735:842849 [0] ncclPollProxyResponse, 1278 NCCL INFO ncclPollProxyResponse Received new opId=0x74a000000bd0
gdr114:842735:842845 [0] ncclProxyService, 1691 NCCL INFO Received and initiated operation=Setup res=0
gdr114:842735:842849 [0] ncclPollProxyResponse, 1291 NCCL INFO resp.opId=0x74a000000bd0 matches expected opId=0x74a000000bd0
gdr114:842735:842849 [0] recvSetup, 263 NCCL INFO Channel 02/0 : 3[1] -> 0[0] [receive] via NET/IB/2
gdr114:842735:842845 [0] proxyConnInit, 1403 NCCL INFO New proxy recv connection 3 from local rank 0, transport 2
gdr114:842735:842845 [0] proxyProgressAsync, 1477 NCCL INFO proxyProgressAsync opId=0x74a000000bd0 op.type=1 op.reqBuff=0x749eec000ce0 op.respSize=16 done
gdr116:67599:67641 [0] NCCL INFO resp.opId=0x7fbad8000bd0 matches expected opId=0x7fbad8000bd0
gdr116:67599:67641 [0] NCCL INFO Channel 03/0 : 1[1] -> 2[0] [receive] via NET/IB/3
gdr114:842735:842849 [0] ncclPollProxyResponse, 1278 NCCL INFO ncclPollProxyResponse Received new opId=0x74a000000bd0
gdr114:842735:842845 [0] ncclProxyService, 1691 NCCL INFO Received and initiated operation=Init res=0
gdr114:842735:842849 [0] ncclPollProxyResponse, 1291 NCCL INFO resp.opId=0x74a000000bd0 matches expected opId=0x74a000000bd0
gdr114:842735:842849 [0] ncclProxyConnect, 1134 NCCL INFO Connected to proxy localRank 0 -> connection 0x749eec000e88
gdr114:842735:842845 [0] proxyProgressAsync, 1477 NCCL INFO proxyProgressAsync opId=0x74a000000bd0 op.type=3 op.reqBuff=0x749eec004b20 op.respSize=128 done
gdr114:842735:842849 [0] ncclPollProxyResponse, 1278 NCCL INFO ncclPollProxyResponse Received new opId=0x74a000000bd0
gdr116:67599:67638 [0] NCCL INFO New proxy send connection 4 from local rank 0, transport 1
gdr116:67599:67638 [0] NCCL INFO proxyProgressAsync opId=0x7fbad8000bd0 op.type=1 op.reqBuff=0x7fb9bc000cc0 op.respSize=16 done
gdr116:67599:67641 [0] NCCL INFO ncclPollProxyResponse Received new opId=0x7fbad8000bd0
gdr116:67599:67638 [0] NCCL INFO Received and initiated operation=Init res=0
gdr116:67599:67641 [0] NCCL INFO resp.opId=0x7fbad8000bd0 matches expected opId=0x7fbad8000bd0
gdr116:67599:67641 [0] NCCL INFO Connected to proxy localRank 0 -> connection 0x7fb9bc000f00
gdr114:842735:842845 [0] ncclProxyService, 1691 NCCL INFO Received and initiated operation=Setup res=0
gdr114:842735:842849 [0] ncclPollProxyResponse, 1291 NCCL INFO resp.opId=0x74a000000bd0 matches expected opId=0x74a000000bd0
gdr114:842735:842849 [0] recvSetup, 263 NCCL INFO Channel 03/0 : 3[1] -> 0[0] [receive] via NET/IB/3
gdr116:67599:67638 [0] NCCL INFO Allocated 4100 bytes of shared memory in /dev/shm/nccl-XprNRS
gdr114:842735:842845 [0] proxyConnInit, 1403 NCCL INFO New proxy send connection 4 from local rank 0, transport 1
gdr114:842735:842845 [0] proxyProgressAsync, 1477 NCCL INFO proxyProgressAsync opId=0x74a000000bd0 op.type=1 op.reqBuff=0x749eec000cc0 op.respSize=16 done
gdr114:842735:842849 [0] ncclPollProxyResponse, 1278 NCCL INFO ncclPollProxyResponse Received new opId=0x74a000000bd0
gdr114:842735:842845 [0] ncclProxyService, 1691 NCCL INFO Received and initiated operation=Init res=0
gdr114:842735:842849 [0] ncclPollProxyResponse, 1291 NCCL INFO resp.opId=0x74a000000bd0 matches expected opId=0x74a000000bd0
gdr114:842735:842849 [0] ncclProxyConnect, 1134 NCCL INFO Connected to proxy localRank 0 -> connection 0x749eec000f00
gdr114:842735:842845 [0] ncclShmOpen, 91 NCCL INFO Allocated 4100 bytes of shared memory in /dev/shm/nccl-XXjpMK
gdr116:67599:67638 [0] NCCL INFO MMAP allocated shareable host buffer /dev/shm/nccl-XprNRS size 4096 ptr 0x7fbc00413000
gdr116:67599:67638 [0] NCCL INFO proxyProgressAsync opId=0x7fbad8000bd0 op.type=3 op.reqBuff=0x7fb9bc000ce0 op.respSize=112 done
gdr116:67599:67641 [0] NCCL INFO ncclPollProxyResponse Received new opId=0x7fbad8000bd0
gdr116:67599:67638 [0] NCCL INFO Received and initiated operation=Setup res=0
gdr116:67599:67641 [0] NCCL INFO resp.opId=0x7fbad8000bd0 matches expected opId=0x7fbad8000bd0
gdr116:67599:67641 [0] NCCL INFO Channel 00 : 2[0] -> 3[1] via SHM/direct/direct
gdr116:67599:67638 [0] NCCL INFO New proxy send connection 5 from local rank 0, transport 1
gdr116:67599:67638 [0] NCCL INFO proxyProgressAsync opId=0x7fbad8000bd0 op.type=1 op.reqBuff=0x7fb9bc000ce0 op.respSize=16 done
gdr116:67599:67641 [0] NCCL INFO ncclPollProxyResponse Received new opId=0x7fbad8000bd0
gdr116:67599:67638 [0] NCCL INFO Received and initiated operation=Init res=0
gdr116:67599:67641 [0] NCCL INFO resp.opId=0x7fbad8000bd0 matches expected opId=0x7fbad8000bd0
gdr116:67599:67641 [0] NCCL INFO Connected to proxy localRank 0 -> connection 0x7fb9bc000f78
gdr114:842735:842845 [0] ncclShmAllocateShareableBuffer, 560 NCCL INFO MMAP allocated shareable host buffer /dev/shm/nccl-XXjpMK size 4096 ptr 0x74a10eac7000
gdr114:842735:842845 [0] proxyProgressAsync, 1477 NCCL INFO proxyProgressAsync opId=0x74a000000bd0 op.type=3 op.reqBuff=0x749eec000ce0 op.respSize=112 done
gdr116:67599:67638 [0] NCCL INFO Allocated 4100 bytes of shared memory in /dev/shm/nccl-HvAa3p
gdr114:842735:842849 [0] ncclPollProxyResponse, 1278 NCCL INFO ncclPollProxyResponse Received new opId=0x74a000000bd0
gdr114:842735:842845 [0] ncclProxyService, 1691 NCCL INFO Received and initiated operation=Setup res=0
gdr114:842735:842849 [0] ncclPollProxyResponse, 1291 NCCL INFO resp.opId=0x74a000000bd0 matches expected opId=0x74a000000bd0
gdr114:842735:842849 [0] shmSendSetup, 128 NCCL INFO Channel 00 : 0[0] -> 1[1] via SHM/direct/direct
gdr114:842735:842845 [0] proxyConnInit, 1403 NCCL INFO New proxy send connection 5 from local rank 0, transport 1
gdr114:842735:842845 [0] proxyProgressAsync, 1477 NCCL INFO proxyProgressAsync opId=0x74a000000bd0 op.type=1 op.reqBuff=0x749eec000ce0 op.respSize=16 done
gdr114:842735:842849 [0] ncclPollProxyResponse, 1278 NCCL INFO ncclPollProxyResponse Received new opId=0x74a000000bd0
gdr114:842735:842845 [0] ncclProxyService, 1691 NCCL INFO Received and initiated operation=Init res=0
gdr114:842735:842849 [0] ncclPollProxyResponse, 1291 NCCL INFO resp.opId=0x74a000000bd0 matches expected opId=0x74a000000bd0
gdr114:842735:842849 [0] ncclProxyConnect, 1134 NCCL INFO Connected to proxy localRank 0 -> connection 0x749eec000f78
gdr116:67599:67638 [0] NCCL INFO MMAP allocated shareable host buffer /dev/shm/nccl-HvAa3p size 4096 ptr 0x7fbc001db000
gdr116:67599:67638 [0] NCCL INFO proxyProgressAsync opId=0x7fbad8000bd0 op.type=3 op.reqBuff=0x7fb9bc007960 op.respSize=112 done
gdr114:842735:842845 [0] ncclShmOpen, 91 NCCL INFO Allocated 4100 bytes of shared memory in /dev/shm/nccl-EUGQfX
gdr116:67599:67641 [0] NCCL INFO ncclPollProxyResponse Received new opId=0x7fbad8000bd0
gdr116:67599:67638 [0] NCCL INFO Received and initiated operation=Setup res=0
gdr116:67599:67641 [0] NCCL INFO resp.opId=0x7fbad8000bd0 matches expected opId=0x7fbad8000bd0
gdr116:67599:67641 [0] NCCL INFO Channel 01 : 2[0] -> 3[1] via SHM/direct/direct
gdr116:67599:67638 [0] NCCL INFO New proxy send connection 6 from local rank 0, transport 1
gdr116:67599:67638 [0] NCCL INFO proxyProgressAsync opId=0x7fbad8000bd0 op.type=1 op.reqBuff=0x7fb9bc007960 op.respSize=16 done
gdr116:67599:67641 [0] NCCL INFO ncclPollProxyResponse Received new opId=0x7fbad8000bd0
gdr116:67599:67638 [0] NCCL INFO Received and initiated operation=Init res=0
gdr114:842735:842845 [0] ncclShmAllocateShareableBuffer, 560 NCCL INFO MMAP allocated shareable host buffer /dev/shm/nccl-EUGQfX size 4096 ptr 0x74a10ea3e000
gdr114:842735:842845 [0] proxyProgressAsync, 1477 NCCL INFO proxyProgressAsync opId=0x74a000000bd0 op.type=3 op.reqBuff=0x749eec007960 op.respSize=112 done
gdr114:842735:842849 [0] ncclPollProxyResponse, 1278 NCCL INFO ncclPollProxyResponse Received new opId=0x74a000000bd0
gdr114:842735:842845 [0] ncclProxyService, 1691 NCCL INFO Received and initiated operation=Setup res=0
gdr114:842735:842849 [0] ncclPollProxyResponse, 1291 NCCL INFO resp.opId=0x74a000000bd0 matches expected opId=0x74a000000bd0
gdr114:842735:842849 [0] shmSendSetup, 128 NCCL INFO Channel 01 : 0[0] -> 1[1] via SHM/direct/direct
gdr116:67599:67641 [0] NCCL INFO resp.opId=0x7fbad8000bd0 matches expected opId=0x7fbad8000bd0
gdr116:67599:67641 [0] NCCL INFO Connected to proxy localRank 0 -> connection 0x7fb9bc000ff0
gdr114:842735:842845 [0] proxyConnInit, 1403 NCCL INFO New proxy send connection 6 from local rank 0, transport 1
gdr114:842735:842845 [0] proxyProgressAsync, 1477 NCCL INFO proxyProgressAsync opId=0x74a000000bd0 op.type=1 op.reqBuff=0x749eec007960 op.respSize=16 done
gdr114:842735:842849 [0] ncclPollProxyResponse, 1278 NCCL INFO ncclPollProxyResponse Received new opId=0x74a000000bd0
gdr114:842735:842845 [0] ncclProxyService, 1691 NCCL INFO Received and initiated operation=Init res=0
gdr116:67599:67638 [0] NCCL INFO Allocated 4100 bytes of shared memory in /dev/shm/nccl-j1mDMC
gdr114:842735:842849 [0] ncclPollProxyResponse, 1291 NCCL INFO resp.opId=0x74a000000bd0 matches expected opId=0x74a000000bd0
gdr114:842735:842849 [0] ncclProxyConnect, 1134 NCCL INFO Connected to proxy localRank 0 -> connection 0x749eec000ff0
gdr116:67599:67638 [0] NCCL INFO MMAP allocated shareable host buffer /dev/shm/nccl-j1mDMC size 4096 ptr 0x7fbc001d9000
gdr116:67599:67638 [0] NCCL INFO proxyProgressAsync opId=0x7fbad8000bd0 op.type=3 op.reqBuff=0x7fb9bc008ac0 op.respSize=112 done
gdr114:842735:842845 [0] ncclShmOpen, 91 NCCL INFO Allocated 4100 bytes of shared memory in /dev/shm/nccl-lMcLV0
gdr116:67599:67641 [0] NCCL INFO ncclPollProxyResponse Received new opId=0x7fbad8000bd0
gdr116:67599:67638 [0] NCCL INFO Received and initiated operation=Setup res=0
gdr116:67599:67641 [0] NCCL INFO resp.opId=0x7fbad8000bd0 matches expected opId=0x7fbad8000bd0
gdr116:67599:67641 [0] NCCL INFO Channel 02 : 2[0] -> 3[1] via SHM/direct/direct
gdr116:67599:67638 [0] NCCL INFO New proxy send connection 7 from local rank 0, transport 1
gdr116:67599:67638 [0] NCCL INFO proxyProgressAsync opId=0x7fbad8000bd0 op.type=1 op.reqBuff=0x7fb9bc008ac0 op.respSize=16 done
gdr116:67599:67641 [0] NCCL INFO ncclPollProxyResponse Received new opId=0x7fbad8000bd0
gdr116:67599:67638 [0] NCCL INFO Received and initiated operation=Init res=0
gdr116:67599:67641 [0] NCCL INFO resp.opId=0x7fbad8000bd0 matches expected opId=0x7fbad8000bd0
gdr116:67599:67641 [0] NCCL INFO Connected to proxy localRank 0 -> connection 0x7fb9bc001068
gdr116:67599:67638 [0] NCCL INFO Allocated 4100 bytes of shared memory in /dev/shm/nccl-rPMsOA
gdr114:842735:842845 [0] ncclShmAllocateShareableBuffer, 560 NCCL INFO MMAP allocated shareable host buffer /dev/shm/nccl-lMcLV0 size 4096 ptr 0x74a10ea3c000
gdr114:842735:842845 [0] proxyProgressAsync, 1477 NCCL INFO proxyProgressAsync opId=0x74a000000bd0 op.type=3 op.reqBuff=0x749eec008ac0 op.respSize=112 done
gdr114:842735:842849 [0] ncclPollProxyResponse, 1278 NCCL INFO ncclPollProxyResponse Received new opId=0x74a000000bd0
gdr114:842735:842845 [0] ncclProxyService, 1691 NCCL INFO Received and initiated operation=Setup res=0
gdr114:842735:842849 [0] ncclPollProxyResponse, 1291 NCCL INFO resp.opId=0x74a000000bd0 matches expected opId=0x74a000000bd0
gdr114:842735:842849 [0] shmSendSetup, 128 NCCL INFO Channel 02 : 0[0] -> 1[1] via SHM/direct/direct
gdr114:842735:842845 [0] proxyConnInit, 1403 NCCL INFO New proxy send connection 7 from local rank 0, transport 1
gdr114:842735:842845 [0] proxyProgressAsync, 1477 NCCL INFO proxyProgressAsync opId=0x74a000000bd0 op.type=1 op.reqBuff=0x749eec008ac0 op.respSize=16 done
gdr114:842735:842849 [0] ncclPollProxyResponse, 1278 NCCL INFO ncclPollProxyResponse Received new opId=0x74a000000bd0
gdr114:842735:842845 [0] ncclProxyService, 1691 NCCL INFO Received and initiated operation=Init res=0
gdr114:842735:842849 [0] ncclPollProxyResponse, 1291 NCCL INFO resp.opId=0x74a000000bd0 matches expected opId=0x74a000000bd0
gdr114:842735:842849 [0] ncclProxyConnect, 1134 NCCL INFO Connected to proxy localRank 0 -> connection 0x749eec001068
gdr114:842735:842845 [0] ncclShmOpen, 91 NCCL INFO Allocated 4100 bytes of shared memory in /dev/shm/nccl-CjWaIJ
gdr116:67599:67638 [0] NCCL INFO MMAP allocated shareable host buffer /dev/shm/nccl-rPMsOA size 4096 ptr 0x7fbc00018000
gdr116:67599:67638 [0] NCCL INFO proxyProgressAsync opId=0x7fbad8000bd0 op.type=3 op.reqBuff=0x7fb9bc009c20 op.respSize=112 done
gdr116:67599:67641 [0] NCCL INFO ncclPollProxyResponse Received new opId=0x7fbad8000bd0
gdr116:67599:67638 [0] NCCL INFO Received and initiated operation=Setup res=0
gdr116:67599:67641 [0] NCCL INFO resp.opId=0x7fbad8000bd0 matches expected opId=0x7fbad8000bd0
gdr116:67599:67641 [0] NCCL INFO Channel 03 : 2[0] -> 3[1] via SHM/direct/direct
gdr114:842735:842845 [0] ncclShmAllocateShareableBuffer, 560 NCCL INFO MMAP allocated shareable host buffer /dev/shm/nccl-CjWaIJ size 4096 ptr 0x74a10ea12000
gdr114:842735:842845 [0] proxyProgressAsync, 1477 NCCL INFO proxyProgressAsync opId=0x74a000000bd0 op.type=3 op.reqBuff=0x749eec009c20 op.respSize=112 done
gdr114:842735:842849 [0] ncclPollProxyResponse, 1278 NCCL INFO ncclPollProxyResponse Received new opId=0x74a000000bd0
gdr114:842735:842845 [0] ncclProxyService, 1691 NCCL INFO Received and initiated operation=Setup res=0
gdr114:842735:842849 [0] ncclPollProxyResponse, 1291 NCCL INFO resp.opId=0x74a000000bd0 matches expected opId=0x74a000000bd0
gdr114:842735:842849 [0] shmSendSetup, 128 NCCL INFO Channel 03 : 0[0] -> 1[1] via SHM/direct/direct
gdr116:67600:67637 [1] NCCL INFO Allocated 33030532 bytes of shared memory in /dev/shm/nccl-daYbBo
gdr114:842736:842844 [1] ncclShmOpen, 91 NCCL INFO Allocated 33030532 bytes of shared memory in /dev/shm/nccl-KC0CZw
gdr116:67600:67637 [1] NCCL INFO New proxy send connection 4 from local rank 1, transport 2
gdr116:67600:67637 [1] NCCL INFO proxyProgressAsync opId=0x70ba68000bd0 op.type=1 op.reqBuff=0x70b94c007db0 op.respSize=16 done
gdr116:67600:67642 [1] NCCL INFO ncclPollProxyResponse Received new opId=0x70ba68000bd0
gdr116:67600:67637 [1] NCCL INFO Received and initiated operation=Init res=0
gdr116:67600:67642 [1] NCCL INFO resp.opId=0x70ba68000bd0 matches expected opId=0x70ba68000bd0
gdr116:67600:67642 [1] NCCL INFO Connected to proxy localRank 1 -> connection 0x70b94c000f00
gdr116:67600:67637 [1] NCCL INFO proxyProgressAsync opId=0x70ba68000bd0 op.type=3 op.reqBuff=0x70b94c009120 op.respSize=0 done
gdr116:67600:67642 [1] NCCL INFO ncclPollProxyResponse Received new opId=0x70ba68000bd0
gdr116:67600:67642 [1] NCCL INFO resp.opId=0x70ba68000bd0 matches expected opId=0x70ba68000bd0
gdr116:67600:67637 [1] NCCL INFO Received and initiated operation=Setup res=0
gdr116:67600:67642 [1] NCCL INFO Channel 00/0 : 3[1] -> 0[0] [send] via NET/IB/2
gdr116:67600:67644 [1] NCCL INFO [Proxy Progress] Device 1 CPU core 24
gdr116:67600:67637 [1] NCCL INFO New proxy send connection 5 from local rank 1, transport 2
gdr116:67600:67637 [1] NCCL INFO proxyProgressAsync opId=0x70ba68000bd0 op.type=1 op.reqBuff=0x70b94c008f10 op.respSize=16 done
gdr116:67600:67642 [1] NCCL INFO ncclPollProxyResponse Received new opId=0x70ba68000bd0
gdr116:67600:67637 [1] NCCL INFO Received and initiated operation=Init res=0
gdr116:67600:67642 [1] NCCL INFO resp.opId=0x70ba68000bd0 matches expected opId=0x70ba68000bd0
gdr116:67600:67642 [1] NCCL INFO Connected to proxy localRank 1 -> connection 0x70b94c000f78
gdr116:67600:67637 [1] NCCL INFO proxyProgressAsync opId=0x70ba68000bd0 op.type=3 op.reqBuff=0x70b94c009120 op.respSize=0 done
gdr116:67600:67642 [1] NCCL INFO ncclPollProxyResponse Received new opId=0x70ba68000bd0
gdr116:67600:67642 [1] NCCL INFO resp.opId=0x70ba68000bd0 matches expected opId=0x70ba68000bd0
gdr116:67600:67637 [1] NCCL INFO Received and initiated operation=Setup res=0
gdr116:67600:67642 [1] NCCL INFO Channel 01/0 : 3[1] -> 0[0] [send] via NET/IB/3
gdr116:67600:67637 [1] NCCL INFO New proxy send connection 6 from local rank 1, transport 2
gdr116:67600:67637 [1] NCCL INFO proxyProgressAsync opId=0x70ba68000bd0 op.type=1 op.reqBuff=0x70b94c007db0 op.respSize=16 done
gdr116:67600:67642 [1] NCCL INFO ncclPollProxyResponse Received new opId=0x70ba68000bd0
gdr116:67600:67637 [1] NCCL INFO Received and initiated operation=Init res=0
gdr116:67600:67642 [1] NCCL INFO resp.opId=0x70ba68000bd0 matches expected opId=0x70ba68000bd0
gdr116:67600:67642 [1] NCCL INFO Connected to proxy localRank 1 -> connection 0x70b94c000ff0
gdr116:67600:67637 [1] NCCL INFO proxyProgressAsync opId=0x70ba68000bd0 op.type=3 op.reqBuff=0x70b94c009120 op.respSize=0 done
gdr116:67600:67642 [1] NCCL INFO ncclPollProxyResponse Received new opId=0x70ba68000bd0
gdr116:67600:67642 [1] NCCL INFO resp.opId=0x70ba68000bd0 matches expected opId=0x70ba68000bd0
gdr116:67600:67637 [1] NCCL INFO Received and initiated operation=Setup res=0
gdr116:67600:67642 [1] NCCL INFO Channel 02/0 : 3[1] -> 0[0] [send] via NET/IB/2
gdr116:67600:67637 [1] NCCL INFO New proxy send connection 7 from local rank 1, transport 2
gdr116:67600:67637 [1] NCCL INFO proxyProgressAsync opId=0x70ba68000bd0 op.type=1 op.reqBuff=0x70b94c008f10 op.respSize=16 done
gdr116:67600:67642 [1] NCCL INFO ncclPollProxyResponse Received new opId=0x70ba68000bd0
gdr116:67600:67637 [1] NCCL INFO Received and initiated operation=Init res=0
gdr116:67600:67642 [1] NCCL INFO resp.opId=0x70ba68000bd0 matches expected opId=0x70ba68000bd0
gdr116:67600:67642 [1] NCCL INFO Connected to proxy localRank 1 -> connection 0x70b94c001068
gdr116:67600:67637 [1] NCCL INFO proxyProgressAsync opId=0x70ba68000bd0 op.type=3 op.reqBuff=0x70b94c009120 op.respSize=0 done
gdr116:67600:67637 [1] NCCL INFO Received and initiated operation=Setup res=0
gdr116:67600:67642 [1] NCCL INFO ncclPollProxyResponse Received new opId=0x70ba68000bd0
gdr116:67600:67642 [1] NCCL INFO resp.opId=0x70ba68000bd0 matches expected opId=0x70ba68000bd0
gdr116:67600:67642 [1] NCCL INFO Channel 03/0 : 3[1] -> 0[0] [send] via NET/IB/3
gdr116:67600:67642 [1] NCCL INFO sendConnect ncclProxyCallAsync opId=0x70b96ce761a0
ncclIbConnect(), transport/net_ib.cc:1246, NCCL RDMA Client connect
gdr116:67600:67637 [1] NCCL INFO transport/net_ib.cc:1247 Ib Alloc Size 190080 pointer 0x70b94c00c000
gdr116:67600:67642 [1] NCCL INFO MMAP imported shareable host buffer /dev/shm/nccl-XprNRS size 4096 ptr 0x70bb90213000
gdr116:67600:67637 [1] NCCL INFO transport/net_ib.cc:1272 Ib Alloc Size 3584 pointer 0x70b94c03c000
gdr116:67600:67642 [1] NCCL INFO sendConnect ncclProxyCallAsync opId=0x70b96cfef510
gdr116:67600:67637 [1] NCCL INFO Received and initiated operation=Connect res=0
ncclIbConnect(), transport/net_ib.cc:1246, NCCL RDMA Client connect
gdr116:67600:67637 [1] NCCL INFO transport/net_ib.cc:1247 Ib Alloc Size 190080 pointer 0x70b94c03e000
gdr116:67600:67642 [1] NCCL INFO MMAP imported shareable host buffer /dev/shm/nccl-HvAa3p size 4096 ptr 0x70bb8ea1a000
gdr116:67600:67642 [1] NCCL INFO sendConnect ncclProxyCallAsync opId=0x70b96cff47a0
gdr116:67600:67637 [1] NCCL INFO transport/net_ib.cc:1272 Ib Alloc Size 3584 pointer 0x70b94c06e000
gdr116:67600:67637 [1] NCCL INFO Received and initiated operation=Connect res=0
ncclIbConnect(), transport/net_ib.cc:1246, NCCL RDMA Client connect
gdr116:67600:67642 [1] NCCL INFO MMAP imported shareable host buffer /dev/shm/nccl-j1mDMC size 4096 ptr 0x70bb8ea18000
gdr116:67600:67642 [1] NCCL INFO sendConnect ncclProxyCallAsync opId=0x70b96cff9910
gdr116:67600:67637 [1] NCCL INFO transport/net_ib.cc:1247 Ib Alloc Size 190080 pointer 0x70b94c070000
gdr116:67600:67642 [1] NCCL INFO MMAP imported shareable host buffer /dev/shm/nccl-rPMsOA size 4096 ptr 0x70bb8e760000
gdr116:67600:67637 [1] NCCL INFO transport/net_ib.cc:1272 Ib Alloc Size 3584 pointer 0x70b94c0a0000
gdr116:67600:67637 [1] NCCL INFO Received and initiated operation=Connect res=0
ncclIbConnect(), transport/net_ib.cc:1246, NCCL RDMA Client connect
gdr116:67600:67637 [1] NCCL INFO transport/net_ib.cc:1247 Ib Alloc Size 190080 pointer 0x70b94c0a2000
gdr116:67600:67637 [1] NCCL INFO transport/net_ib.cc:1272 Ib Alloc Size 3584 pointer 0x70b94c0d2000
gdr116:67600:67637 [1] NCCL INFO Received and initiated operation=Connect res=0
gdr114:842736:842844 [1] proxyConnInit, 1403 NCCL INFO New proxy send connection 4 from local rank 1, transport 2
gdr114:842736:842844 [1] proxyProgressAsync, 1477 NCCL INFO proxyProgressAsync opId=0x702338000bd0 op.type=1 op.reqBuff=0x702224007db0 op.respSize=16 done
gdr114:842736:842848 [1] ncclPollProxyResponse, 1278 NCCL INFO ncclPollProxyResponse Received new opId=0x702338000bd0
gdr114:842736:842844 [1] ncclProxyService, 1691 NCCL INFO Received and initiated operation=Init res=0
gdr114:842736:842848 [1] ncclPollProxyResponse, 1291 NCCL INFO resp.opId=0x702338000bd0 matches expected opId=0x702338000bd0
gdr114:842736:842848 [1] ncclProxyConnect, 1134 NCCL INFO Connected to proxy localRank 1 -> connection 0x702224000f00
gdr114:842736:842844 [1] proxyProgressAsync, 1477 NCCL INFO proxyProgressAsync opId=0x702338000bd0 op.type=3 op.reqBuff=0x702224009120 op.respSize=0 done
gdr114:842736:842844 [1] ncclProxyService, 1691 NCCL INFO Received and initiated operation=Setup res=0
gdr114:842736:842848 [1] ncclPollProxyResponse, 1278 NCCL INFO ncclPollProxyResponse Received new opId=0x702338000bd0
gdr114:842736:842848 [1] ncclPollProxyResponse, 1291 NCCL INFO resp.opId=0x702338000bd0 matches expected opId=0x702338000bd0
gdr114:842736:842863 [1] ncclProxyProgress, 910 NCCL INFO [Proxy Progress] Device 1 CPU core 53
gdr114:842736:842848 [1] sendSetup, 217 NCCL INFO Channel 00/0 : 1[1] -> 2[0] [send] via NET/IB/2
gdr114:842736:842844 [1] proxyConnInit, 1403 NCCL INFO New proxy send connection 5 from local rank 1, transport 2
gdr114:842736:842844 [1] proxyProgressAsync, 1477 NCCL INFO proxyProgressAsync opId=0x702338000bd0 op.type=1 op.reqBuff=0x702224008f10 op.respSize=16 done
gdr114:842736:842848 [1] ncclPollProxyResponse, 1278 NCCL INFO ncclPollProxyResponse Received new opId=0x702338000bd0
gdr114:842736:842844 [1] ncclProxyService, 1691 NCCL INFO Received and initiated operation=Init res=0
gdr114:842736:842848 [1] ncclPollProxyResponse, 1291 NCCL INFO resp.opId=0x702338000bd0 matches expected opId=0x702338000bd0
gdr114:842736:842848 [1] ncclProxyConnect, 1134 NCCL INFO Connected to proxy localRank 1 -> connection 0x702224000f78
gdr114:842736:842844 [1] proxyProgressAsync, 1477 NCCL INFO proxyProgressAsync opId=0x702338000bd0 op.type=3 op.reqBuff=0x702224009120 op.respSize=0 done
gdr114:842736:842844 [1] ncclProxyService, 1691 NCCL INFO Received and initiated operation=Setup res=0
gdr114:842736:842848 [1] ncclPollProxyResponse, 1278 NCCL INFO ncclPollProxyResponse Received new opId=0x702338000bd0
gdr114:842736:842848 [1] ncclPollProxyResponse, 1291 NCCL INFO resp.opId=0x702338000bd0 matches expected opId=0x702338000bd0
gdr114:842736:842848 [1] sendSetup, 217 NCCL INFO Channel 01/0 : 1[1] -> 2[0] [send] via NET/IB/3
gdr114:842736:842844 [1] proxyConnInit, 1403 NCCL INFO New proxy send connection 6 from local rank 1, transport 2
gdr114:842736:842844 [1] proxyProgressAsync, 1477 NCCL INFO proxyProgressAsync opId=0x702338000bd0 op.type=1 op.reqBuff=0x702224007db0 op.respSize=16 done
gdr114:842736:842848 [1] ncclPollProxyResponse, 1278 NCCL INFO ncclPollProxyResponse Received new opId=0x702338000bd0
gdr114:842736:842844 [1] ncclProxyService, 1691 NCCL INFO Received and initiated operation=Init res=0
gdr114:842736:842848 [1] ncclPollProxyResponse, 1291 NCCL INFO resp.opId=0x702338000bd0 matches expected opId=0x702338000bd0
gdr114:842736:842848 [1] ncclProxyConnect, 1134 NCCL INFO Connected to proxy localRank 1 -> connection 0x702224000ff0
gdr114:842736:842844 [1] proxyProgressAsync, 1477 NCCL INFO proxyProgressAsync opId=0x702338000bd0 op.type=3 op.reqBuff=0x702224009120 op.respSize=0 done
gdr114:842736:842844 [1] ncclProxyService, 1691 NCCL INFO Received and initiated operation=Setup res=0
gdr114:842736:842848 [1] ncclPollProxyResponse, 1278 NCCL INFO ncclPollProxyResponse Received new opId=0x702338000bd0
gdr114:842736:842848 [1] ncclPollProxyResponse, 1291 NCCL INFO resp.opId=0x702338000bd0 matches expected opId=0x702338000bd0
gdr114:842736:842848 [1] sendSetup, 217 NCCL INFO Channel 02/0 : 1[1] -> 2[0] [send] via NET/IB/2
gdr114:842736:842844 [1] proxyConnInit, 1403 NCCL INFO New proxy send connection 7 from local rank 1, transport 2
gdr114:842736:842844 [1] proxyProgressAsync, 1477 NCCL INFO proxyProgressAsync opId=0x702338000bd0 op.type=1 op.reqBuff=0x702224008f10 op.respSize=16 done
gdr114:842736:842848 [1] ncclPollProxyResponse, 1278 NCCL INFO ncclPollProxyResponse Received new opId=0x702338000bd0
gdr114:842736:842844 [1] ncclProxyService, 1691 NCCL INFO Received and initiated operation=Init res=0
gdr114:842736:842848 [1] ncclPollProxyResponse, 1291 NCCL INFO resp.opId=0x702338000bd0 matches expected opId=0x702338000bd0
gdr114:842736:842848 [1] ncclProxyConnect, 1134 NCCL INFO Connected to proxy localRank 1 -> connection 0x702224001068
gdr114:842736:842844 [1] proxyProgressAsync, 1477 NCCL INFO proxyProgressAsync opId=0x702338000bd0 op.type=3 op.reqBuff=0x702224009120 op.respSize=0 done
gdr114:842736:842844 [1] ncclProxyService, 1691 NCCL INFO Received and initiated operation=Setup res=0
gdr114:842736:842848 [1] ncclPollProxyResponse, 1278 NCCL INFO ncclPollProxyResponse Received new opId=0x702338000bd0
gdr114:842736:842848 [1] ncclPollProxyResponse, 1291 NCCL INFO resp.opId=0x702338000bd0 matches expected opId=0x702338000bd0
gdr114:842736:842848 [1] sendSetup, 217 NCCL INFO Channel 03/0 : 1[1] -> 2[0] [send] via NET/IB/3
gdr114:842736:842848 [1] sendConnect, 330 NCCL INFO sendConnect ncclProxyCallAsync opId=0x702240e77730
ncclIbConnect(), transport/net_ib.cc:1248, NCCL RDMA Client connect
gdr114:842736:842844 [1] ncclIbMallocDebug, 411 NCCL INFO transport/net_ib.cc:1249 Ib Alloc Size 190080 pointer 0x70222400c000
gdr114:842736:842844 [1] ncclIbMallocDebug, 411 NCCL INFO transport/net_ib.cc:1274 Ib Alloc Size 3584 pointer 0x70222403c000
gdr114:842736:842844 [1] ncclProxyService, 1691 NCCL INFO Received and initiated operation=Connect res=0
gdr114:842736:842848 [1] ncclShmImportShareableBuffer, 643 NCCL INFO MMAP imported shareable host buffer /dev/shm/nccl-XXjpMK size 4096 ptr 0x702443e7b000
gdr114:842736:842848 [1] sendConnect, 330 NCCL INFO sendConnect ncclProxyCallAsync opId=0x702241002a80
ncclIbConnect(), transport/net_ib.cc:1248, NCCL RDMA Client connect
gdr114:842736:842844 [1] ncclIbMallocDebug, 411 NCCL INFO transport/net_ib.cc:1249 Ib Alloc Size 190080 pointer 0x70222403e000
gdr114:842736:842848 [1] ncclShmImportShareableBuffer, 643 NCCL INFO MMAP imported shareable host buffer /dev/shm/nccl-EUGQfX size 4096 ptr 0x702443e12000
gdr114:842736:842844 [1] ncclIbMallocDebug, 411 NCCL INFO transport/net_ib.cc:1274 Ib Alloc Size 3584 pointer 0x70222406e000
gdr114:842736:842848 [1] sendConnect, 330 NCCL INFO sendConnect ncclProxyCallAsync opId=0x702241007d10
gdr114:842736:842844 [1] ncclProxyService, 1691 NCCL INFO Received and initiated operation=Connect res=0
ncclIbConnect(), transport/net_ib.cc:1248, NCCL RDMA Client connect
gdr114:842736:842844 [1] ncclIbMallocDebug, 411 NCCL INFO transport/net_ib.cc:1249 Ib Alloc Size 190080 pointer 0x702224070000
gdr114:842736:842848 [1] ncclShmImportShareableBuffer, 643 NCCL INFO MMAP imported shareable host buffer /dev/shm/nccl-lMcLV0 size 4096 ptr 0x7024432af000
gdr114:842736:842848 [1] sendConnect, 330 NCCL INFO sendConnect ncclProxyCallAsync opId=0x70224100ce80
gdr114:842736:842844 [1] ncclIbMallocDebug, 411 NCCL INFO transport/net_ib.cc:1274 Ib Alloc Size 3584 pointer 0x7022240a0000
gdr114:842736:842844 [1] ncclProxyService, 1691 NCCL INFO Received and initiated operation=Connect res=0
ncclIbConnect(), transport/net_ib.cc:1248, NCCL RDMA Client connect
gdr114:842736:842844 [1] ncclIbMallocDebug, 411 NCCL INFO transport/net_ib.cc:1249 Ib Alloc Size 190080 pointer 0x7022240a2000
gdr114:842736:842848 [1] ncclShmImportShareableBuffer, 643 NCCL INFO MMAP imported shareable host buffer /dev/shm/nccl-CjWaIJ size 4096 ptr 0x7024432ad000
gdr114:842736:842844 [1] ncclIbMallocDebug, 411 NCCL INFO transport/net_ib.cc:1274 Ib Alloc Size 3584 pointer 0x7022240d2000
gdr114:842736:842844 [1] ncclProxyService, 1691 NCCL INFO Received and initiated operation=Connect res=0
gdr116:67599:67641 [0] NCCL INFO MMAP imported shareable host buffer /dev/shm/nccl-32uFTz size 9637888 ptr 0x7fba046cc000
gdr116:67599:67641 [0] NCCL INFO recvConnect ncclProxyCallAsync opId=0x7fb9dce762d8 &recv->proxyConn=0x7fb9dce762e0 connectInfo=0x7fb9dd002990
ncclIbAccept(), transport/net_ib.cc:1537, NCCL RDMA server accept
gdr114:842735:842849 [0] ncclShmImportShareableBuffer, 643 NCCL INFO MMAP imported shareable host buffer /dev/shm/nccl-kYrcAf size 9637888 ptr 0x749f186cc000
gdr114:842735:842849 [0] recvConnect, 440 NCCL INFO recvConnect ncclProxyCallAsync opId=0x749f0ce779e8 &recv->proxyConn=0x749f0ce779f0 connectInfo=0x749f0d015b10
ncclIbAccept(), transport/net_ib.cc:1539, NCCL RDMA server accept
gdr116:67599:67638 [0] NCCL INFO transport/net_ib.cc:1549 Ib Alloc Size 173024 pointer 0x7fb9bc00c000
gdr116:67599:67638 [0] NCCL INFO transport/net_ib.cc:1559 Ib Alloc Size 3584 pointer 0x7fb9bc038000
gdr116:67599:67638 [0] NCCL INFO Received and initiated operation=Connect res=0
ncclIbAccept(), transport/net_ib.cc:1537, NCCL RDMA server accept
ncclIbAccept(), transport/net_ib.cc:1537, NCCL RDMA server accept
ncclIbAccept(), transport/net_ib.cc:1537, NCCL RDMA server accept
ncclIbAccept(), transport/net_ib.cc:1537, NCCL RDMA server accept
ncclIbAccept(), transport/net_ib.cc:1537, NCCL RDMA server accept
ncclIbAccept(), transport/net_ib.cc:1537, NCCL RDMA server accept
ncclIbAccept(), transport/net_ib.cc:1537, NCCL RDMA server accept
ncclIbAccept(), transport/net_ib.cc:1537, NCCL RDMA server accept
ncclIbAccept(), transport/net_ib.cc:1537, NCCL RDMA server accept
ncclIbAccept(), transport/net_ib.cc:1537, NCCL RDMA server accept
ncclIbAccept(), transport/net_ib.cc:1537, NCCL RDMA server accept
ncclIbAccept(), transport/net_ib.cc:1537, NCCL RDMA server accept
ncclIbAccept(), transport/net_ib.cc:1537, NCCL RDMA server accept
ncclIbAccept(), transport/net_ib.cc:1537, NCCL RDMA server accept
ncclIbAccept(), transport/net_ib.cc:1537, NCCL RDMA server accept
ncclIbAccept(), transport/net_ib.cc:1537, NCCL RDMA server accept
ncclIbAccept(), transport/net_ib.cc:1537, NCCL RDMA server accept
ncclIbAccept(), transport/net_ib.cc:1537, NCCL RDMA server accept
ncclIbAccept(), transport/net_ib.cc:1537, NCCL RDMA server accept
ncclIbAccept(), transport/net_ib.cc:1537, NCCL RDMA server accept
ncclIbAccept(), transport/net_ib.cc:1537, NCCL RDMA server accept
ncclIbAccept(), transport/net_ib.cc:1537, NCCL RDMA server accept
ncclIbAccept(), transport/net_ib.cc:1537, NCCL RDMA server accept
ncclIbAccept(), transport/net_ib.cc:1537, NCCL RDMA server accept
ncclIbAccept(), transport/net_ib.cc:1537, NCCL RDMA server accept
ncclIbAccept(), transport/net_ib.cc:1537, NCCL RDMA server accept
ncclIbAccept(), transport/net_ib.cc:1537, NCCL RDMA server accept
ncclIbAccept(), transport/net_ib.cc:1537, NCCL RDMA server accept
ncclIbAccept(), transport/net_ib.cc:1537, NCCL RDMA server accept
ncclIbAccept(), transport/net_ib.cc:1537, NCCL RDMA server accept
ncclIbAccept(), transport/net_ib.cc:1537, NCCL RDMA server accept
ncclIbAccept(), transport/net_ib.cc:1537, NCCL RDMA server accept
ncclIbAccept(), transport/net_ib.cc:1537, NCCL RDMA server accept
ncclIbAccept(), transport/net_ib.cc:1537, NCCL RDMA server accept
ncclIbAccept(), transport/net_ib.cc:1537, NCCL RDMA server accept
ncclIbAccept(), transport/net_ib.cc:1537, NCCL RDMA server accept
ncclIbAccept(), transport/net_ib.cc:1537, NCCL RDMA server accept
ncclIbAccept(), transport/net_ib.cc:1537, NCCL RDMA server accept
ncclIbAccept(), transport/net_ib.cc:1537, NCCL RDMA server accept
ncclIbInitCommDevBase(), transport/net_ib.cc:1099, NCCL init ib commom dev base, create cq
ncclIbAccept(), transport/net_ib.cc:1537, NCCL RDMA server accept
ncclIbAccept(), transport/net_ib.cc:1537, NCCL RDMA server accept
ncclIbAccept(), transport/net_ib.cc:1537, NCCL RDMA server accept
ncclIbAccept(), transport/net_ib.cc:1537, NCCL RDMA server accept
ncclIbAccept(), transport/net_ib.cc:1537, NCCL RDMA server accept
ncclIbAccept(), transport/net_ib.cc:1537, NCCL RDMA server accept
ncclIbAccept(), transport/net_ib.cc:1537, NCCL RDMA server accept
ncclIbAccept(), transport/net_ib.cc:1537, NCCL RDMA server accept
ncclIbAccept(), transport/net_ib.cc:1537, NCCL RDMA server accept
ncclIbAccept(), transport/net_ib.cc:1537, NCCL RDMA server accept
ncclIbAccept(), transport/net_ib.cc:1537, NCCL RDMA server accept
ncclIbAccept(), transport/net_ib.cc:1537, NCCL RDMA server accept
ncclIbAccept(), transport/net_ib.cc:1537, NCCL RDMA server accept
ncclIbAccept(), transport/net_ib.cc:1537, NCCL RDMA server accept
ncclIbAccept(), transport/net_ib.cc:1537, NCCL RDMA server accept
ncclIbAccept(), transport/net_ib.cc:1537, NCCL RDMA server accept
ncclIbAccept(), transport/net_ib.cc:1537, NCCL RDMA server accept
ncclIbAccept(), transport/net_ib.cc:1537, NCCL RDMA server accept
ncclIbAccept(), transport/net_ib.cc:1537, NCCL RDMA server accept
ncclIbAccept(), transport/net_ib.cc:1537, NCCL RDMA server accept
ncclIbAccept(), transport/net_ib.cc:1537, NCCL RDMA server accept
ncclIbAccept(), transport/net_ib.cc:1537, NCCL RDMA server accept
ncclIbAccept(), transport/net_ib.cc:1537, NCCL RDMA server accept
ncclIbAccept(), transport/net_ib.cc:1537, NCCL RDMA server accept
ncclIbAccept(), transport/net_ib.cc:1537, NCCL RDMA server accept
ncclIbAccept(), transport/net_ib.cc:1537, NCCL RDMA server accept
ncclIbAccept(), transport/net_ib.cc:1537, NCCL RDMA server accept
ncclIbAccept(), transport/net_ib.cc:1537, NCCL RDMA server accept
ncclIbAccept(), transport/net_ib.cc:1537, NCCL RDMA server accept
ncclIbAccept(), transport/net_ib.cc:1537, NCCL RDMA server accept
ncclIbAccept(), transport/net_ib.cc:1537, NCCL RDMA server accept
ncclIbAccept(), transport/net_ib.cc:1537, NCCL RDMA server accept
ncclIbAccept(), transport/net_ib.cc:1537, NCCL RDMA server accept
ncclIbAccept(), transport/net_ib.cc:1537, NCCL RDMA server accept
gdr114:842735:842845 [0] ncclIbMallocDebug, 411 NCCL INFO transport/net_ib.cc:1551 Ib Alloc Size 173024 pointer 0x749eec00c000
gdr114:842735:842845 [0] ncclIbMallocDebug, 411 NCCL INFO transport/net_ib.cc:1561 Ib Alloc Size 3584 pointer 0x749eec038000
ncclIbAccept(), transport/net_ib.cc:1537, NCCL RDMA server accept
ncclIbAccept(), transport/net_ib.cc:1537, NCCL RDMA server accept
ncclIbAccept(), transport/net_ib.cc:1537, NCCL RDMA server accept
ncclIbAccept(), transport/net_ib.cc:1537, NCCL RDMA server accept
ncclIbAccept(), transport/net_ib.cc:1537, NCCL RDMA server accept
ncclIbAccept(), transport/net_ib.cc:1537, NCCL RDMA server accept
ncclIbAccept(), transport/net_ib.cc:1537, NCCL RDMA server accept
ncclIbAccept(), transport/net_ib.cc:1537, NCCL RDMA server accept
ncclIbAccept(), transport/net_ib.cc:1537, NCCL RDMA server accept
gdr114:842735:842845 [0] ncclProxyService, 1691 NCCL INFO Received and initiated operation=Connect res=0
ncclIbAccept(), transport/net_ib.cc:1539, NCCL RDMA server accept
ncclIbAccept(), transport/net_ib.cc:1539, NCCL RDMA server accept
ncclIbAccept(), transport/net_ib.cc:1537, NCCL RDMA server accept
ncclIbAccept(), transport/net_ib.cc:1537, NCCL RDMA server accept
ncclIbAccept(), transport/net_ib.cc:1537, NCCL RDMA server accept
ncclIbAccept(), transport/net_ib.cc:1537, NCCL RDMA server accept
ncclIbAccept(), transport/net_ib.cc:1537, NCCL RDMA server accept
ncclIbAccept(), transport/net_ib.cc:1537, NCCL RDMA server accept
ncclIbAccept(), transport/net_ib.cc:1537, NCCL RDMA server accept
ncclIbAccept(), transport/net_ib.cc:1537, NCCL RDMA server accept
ncclIbAccept(), transport/net_ib.cc:1539, NCCL RDMA server accept
ncclIbAccept(), transport/net_ib.cc:1539, NCCL RDMA server accept
ncclIbAccept(), transport/net_ib.cc:1539, NCCL RDMA server accept
ncclIbAccept(), transport/net_ib.cc:1539, NCCL RDMA server accept
ncclIbAccept(), transport/net_ib.cc:1539, NCCL RDMA server accept
ncclIbAccept(), transport/net_ib.cc:1539, NCCL RDMA server accept
ncclIbAccept(), transport/net_ib.cc:1539, NCCL RDMA server accept
ncclIbAccept(), transport/net_ib.cc:1539, NCCL RDMA server accept
ncclIbAccept(), transport/net_ib.cc:1539, NCCL RDMA server accept
ncclIbAccept(), transport/net_ib.cc:1537, NCCL RDMA server accept
ncclIbAccept(), transport/net_ib.cc:1537, NCCL RDMA server accept
ncclIbAccept(), transport/net_ib.cc:1537, NCCL RDMA server accept
ncclIbAccept(), transport/net_ib.cc:1537, NCCL RDMA server accept
ncclIbAccept(), transport/net_ib.cc:1537, NCCL RDMA server accept
ncclIbAccept(), transport/net_ib.cc:1537, NCCL RDMA server accept
ncclIbAccept(), transport/net_ib.cc:1537, NCCL RDMA server accept
ncclIbAccept(), transport/net_ib.cc:1537, NCCL RDMA server accept
ncclIbAccept(), transport/net_ib.cc:1539, NCCL RDMA server accept
ncclIbAccept(), transport/net_ib.cc:1539, NCCL RDMA server accept
ncclIbAccept(), transport/net_ib.cc:1539, NCCL RDMA server accept
ncclIbAccept(), transport/net_ib.cc:1539, NCCL RDMA server accept
ncclIbAccept(), transport/net_ib.cc:1539, NCCL RDMA server accept
ncclIbAccept(), transport/net_ib.cc:1539, NCCL RDMA server accept
ncclIbAccept(), transport/net_ib.cc:1539, NCCL RDMA server accept
ncclIbAccept(), transport/net_ib.cc:1539, NCCL RDMA server accept
ncclIbAccept(), transport/net_ib.cc:1537, NCCL RDMA server accept
gdr116:67599:67641 [0] NCCL INFO MMAP imported shareable host buffer /dev/shm/nccl-0YXcCR size 9637888 ptr 0x7fb9e36ce000
ncclIbAccept(), transport/net_ib.cc:1537, NCCL RDMA server accept
gdr116:67599:67641 [0] NCCL INFO recvConnect ncclProxyCallAsync opId=0x7fb9dcfef638 &recv->proxyConn=0x7fb9dcfef640 connectInfo=0x7fb9dd002a90
ncclIbAccept(), transport/net_ib.cc:1537, NCCL RDMA server accept
ncclIbAccept(), transport/net_ib.cc:1537, NCCL RDMA server accept
ncclIbAccept(), transport/net_ib.cc:1537, NCCL RDMA server accept
ncclIbAccept(), transport/net_ib.cc:1539, NCCL RDMA server accept
ncclIbAccept(), transport/net_ib.cc:1539, NCCL RDMA server accept
ncclIbAccept(), transport/net_ib.cc:1539, NCCL RDMA server accept
ncclIbAccept(), transport/net_ib.cc:1539, NCCL RDMA server accept
ncclIbAccept(), transport/net_ib.cc:1539, NCCL RDMA server accept
ncclIbAccept(), transport/net_ib.cc:1539, NCCL RDMA server accept
ncclIbAccept(), transport/net_ib.cc:1539, NCCL RDMA server accept
