
gdr114:842736:842746 [1] ncclTopoPopulateNics, 1242 NCCL INFO ncclTopoPopulateNics : Filled mlx5_0 in topo with pciPath=/sys/devices/pci0000:00/0000:00:02.0/0000:02:00.0/0000:03:08.0/0000:04:00.0 keep=1 coll=(null)
ncclTopoPopulateNics(), graph/topo.cc:1228, NCCL GDR, Nic_Indirect_Access_GPU:5, dma_buf_enable:0, nic_name:mlx5_0
ncclTopoPopulateNics(), graph/topo.cc:1232, Nic mlx5_0 support dmabuf
gdr114:842735:842747 [0] ncclTopoPopulateNics, 1234 NCCL INFO NET/IB : GPU Direct RDMA Disabled for HCA 2 'mlx5_0'
gdr114:842735:842747 [0] ncclTopoPopulateNics, 1242 NCCL INFO ncclTopoPopulateNics : Filled mlx5_0 in topo with pciPath=/sys/devices/pci0000:00/0000:00:02.0/0000:02:00.0/0000:03:08.0/0000:04:00.0 keep=1 coll=(null)
ncclTopoPopulateNics(), graph/topo.cc:1228, NCCL GDR, Nic_Indirect_Access_GPU:5, dma_buf_enable:0, nic_name:mlx5_2
ncclTopoPopulateNics(), graph/topo.cc:1228, NCCL GDR, Nic_Indirect_Access_GPU:5, dma_buf_enable:0, nic_name:mlx5_2
ncclTopoPopulateNics(), graph/topo.cc:1232, Nic mlx5_2 support dmabuf
gdr114:842736:842746 [1] ncclTopoPopulateNics, 1234 NCCL INFO NET/IB : GPU Direct RDMA Disabled for HCA 3 'mlx5_2'
gdr114:842736:842746 [1] ncclTopoPopulateNics, 1242 NCCL INFO ncclTopoPopulateNics : Filled mlx5_2 in topo with pciPath=/sys/devices/pci0000:80/0000:80:03.0/0000:86:00.0/0000:87:10.0/0000:89:00.0 keep=1 coll=(null)
ncclTopoPopulateNics(), graph/topo.cc:1232, Nic mlx5_2 support dmabuf
gdr114:842735:842747 [0] ncclTopoPopulateNics, 1234 NCCL INFO NET/IB : GPU Direct RDMA Disabled for HCA 3 'mlx5_2'
gdr114:842735:842747 [0] ncclTopoPopulateNics, 1242 NCCL INFO ncclTopoPopulateNics : Filled mlx5_2 in topo with pciPath=/sys/devices/pci0000:80/0000:80:03.0/0000:86:00.0/0000:87:10.0/0000:89:00.0 keep=1 coll=(null)
gdr116:67600:67609 [1] NCCL INFO TOPO/NET : Importing network plugins to topology
gdr116:67600:67609 [1] NCCL INFO Retrieving state for IB
gdr116:67600:67609 [1] NCCL INFO Initialized state 0 for IB
ncclTopoGetSystem(), graph/topo.cc:1348, ncclTopoProcessNet, name:IB
gdr116:67599:67610 [0] NCCL INFO TOPO/NET : Importing network plugins to topology
gdr116:67599:67610 [0] NCCL INFO Retrieving state for IB
gdr116:67599:67610 [0] NCCL INFO Initialized state 0 for IB
ncclTopoGetSystem(), graph/topo.cc:1348, ncclTopoProcessNet, name:IB
ncclTopoPopulateNics(), graph/topo.cc:1228, NCCL GDR, Nic_Indirect_Access_GPU:5, dma_buf_enable:0, nic_name:mlx5_0
gdr116:67600:67609 [1] NCCL INFO NET/IB : GPU Direct RDMA Disabled for HCA 0 'mlx5_0'
gdr116:67600:67609 [1] NCCL INFO ncclTopoPopulateNics : Filled mlx5_0 in topo with pciPath=/sys/devices/pci0000:00/0000:00:02.0/0000:02:00.0/0000:03:08.0/0000:04:00.0 keep=1 coll=(null)
ncclTopoPopulateNics(), graph/topo.cc:1228, NCCL GDR, Nic_Indirect_Access_GPU:5, dma_buf_enable:0, nic_name:mlx5_0
gdr116:67599:67610 [0] NCCL INFO NET/IB : GPU Direct RDMA Disabled for HCA 0 'mlx5_0'
gdr116:67599:67610 [0] NCCL INFO ncclTopoPopulateNics : Filled mlx5_0 in topo with pciPath=/sys/devices/pci0000:00/0000:00:02.0/0000:02:00.0/0000:03:08.0/0000:04:00.0 keep=1 coll=(null)
ncclTopoPopulateNics(), graph/topo.cc:1228, NCCL GDR, Nic_Indirect_Access_GPU:5, dma_buf_enable:0, nic_name:mlx5_2
gdr116:67600:67609 [1] NCCL INFO NET/IB : GPU Direct RDMA Disabled for HCA 1 'mlx5_2'
gdr116:67600:67609 [1] NCCL INFO ncclTopoPopulateNics : Filled mlx5_2 in topo with pciPath=/sys/devices/pci0000:80/0000:80:02.0/0000:83:00.0/0000:84:08.0/0000:85:00.0 keep=1 coll=(null)
gdr116:67600:67609 [1] NCCL INFO NET/IB : Made virtual device [2] name=mlx5_0 speed=25000 ndevs=1
gdr116:67600:67609 [1] NCCL INFO TOPO/NET : Made vNic 2
gdr116:67600:67609 [1] NCCL INFO NET/IB : Made virtual device [3] name=mlx5_2 speed=25000 ndevs=1
gdr116:67600:67609 [1] NCCL INFO TOPO/NET : Made vNic 3
ncclTopoPopulateNics(), graph/topo.cc:1228, NCCL GDR, Nic_Indirect_Access_GPU:5, dma_buf_enable:0, nic_name:mlx5_0
gdr116:67600:67609 [1] NCCL INFO NET/IB : GPU Direct RDMA Disabled for HCA 0 'mlx5_0'
gdr116:67600:67609 [1] NCCL INFO ncclTopoPopulateNics : Filled mlx5_0 in topo with pciPath=/sys/devices/pci0000:00/0000:00:02.0/0000:02:00.0/0000:03:08.0/0000:04:00.0 keep=0 coll=(null)
ncclTopoPopulateNics(), graph/topo.cc:1228, NCCL GDR, Nic_Indirect_Access_GPU:5, dma_buf_enable:0, nic_name:mlx5_2
gdr116:67600:67609 [1] NCCL INFO NET/IB : GPU Direct RDMA Disabled for HCA 1 'mlx5_2'
gdr116:67600:67609 [1] NCCL INFO ncclTopoPopulateNics : Filled mlx5_2 in topo with pciPath=/sys/devices/pci0000:80/0000:80:02.0/0000:83:00.0/0000:84:08.0/0000:85:00.0 keep=0 coll=(null)
ncclTopoPopulateNics(), graph/topo.cc:1228, NCCL GDR, Nic_Indirect_Access_GPU:5, dma_buf_enable:0, nic_name:mlx5_0
gdr116:67600:67609 [1] NCCL INFO NET/IB : GPU Direct RDMA Disabled for HCA 2 'mlx5_0'
gdr116:67600:67609 [1] NCCL INFO ncclTopoPopulateNics : Filled mlx5_0 in topo with pciPath=/sys/devices/pci0000:00/0000:00:02.0/0000:02:00.0/0000:03:08.0/0000:04:00.0 keep=1 coll=(null)
ncclTopoPopulateNics(), graph/topo.cc:1228, NCCL GDR, Nic_Indirect_Access_GPU:5, dma_buf_enable:0, nic_name:mlx5_2
gdr116:67600:67609 [1] NCCL INFO NET/IB : GPU Direct RDMA Disabled for HCA 3 'mlx5_2'
gdr116:67600:67609 [1] NCCL INFO ncclTopoPopulateNics : Filled mlx5_2 in topo with pciPath=/sys/devices/pci0000:80/0000:80:02.0/0000:83:00.0/0000:84:08.0/0000:85:00.0 keep=1 coll=(null)
ncclTopoPopulateNics(), graph/topo.cc:1228, NCCL GDR, Nic_Indirect_Access_GPU:5, dma_buf_enable:0, nic_name:mlx5_2
gdr116:67599:67610 [0] NCCL INFO NET/IB : GPU Direct RDMA Disabled for HCA 1 'mlx5_2'
gdr116:67599:67610 [0] NCCL INFO ncclTopoPopulateNics : Filled mlx5_2 in topo with pciPath=/sys/devices/pci0000:80/0000:80:02.0/0000:83:00.0/0000:84:08.0/0000:85:00.0 keep=1 coll=(null)
gdr116:67599:67610 [0] NCCL INFO NET/IB : Made virtual device [2] name=mlx5_0 speed=25000 ndevs=1
gdr116:67599:67610 [0] NCCL INFO TOPO/NET : Made vNic 2
gdr116:67599:67610 [0] NCCL INFO NET/IB : Made virtual device [3] name=mlx5_2 speed=25000 ndevs=1
gdr116:67599:67610 [0] NCCL INFO TOPO/NET : Made vNic 3
ncclTopoPopulateNics(), graph/topo.cc:1228, NCCL GDR, Nic_Indirect_Access_GPU:5, dma_buf_enable:0, nic_name:mlx5_0
gdr116:67599:67610 [0] NCCL INFO NET/IB : GPU Direct RDMA Disabled for HCA 0 'mlx5_0'
gdr116:67599:67610 [0] NCCL INFO ncclTopoPopulateNics : Filled mlx5_0 in topo with pciPath=/sys/devices/pci0000:00/0000:00:02.0/0000:02:00.0/0000:03:08.0/0000:04:00.0 keep=0 coll=(null)
ncclTopoPopulateNics(), graph/topo.cc:1228, NCCL GDR, Nic_Indirect_Access_GPU:5, dma_buf_enable:0, nic_name:mlx5_2
gdr116:67599:67610 [0] NCCL INFO NET/IB : GPU Direct RDMA Disabled for HCA 1 'mlx5_2'
gdr116:67599:67610 [0] NCCL INFO ncclTopoPopulateNics : Filled mlx5_2 in topo with pciPath=/sys/devices/pci0000:80/0000:80:02.0/0000:83:00.0/0000:84:08.0/0000:85:00.0 keep=0 coll=(null)
ncclTopoPopulateNics(), graph/topo.cc:1228, NCCL GDR, Nic_Indirect_Access_GPU:5, dma_buf_enable:0, nic_name:mlx5_0
gdr116:67599:67610 [0] NCCL INFO NET/IB : GPU Direct RDMA Disabled for HCA 2 'mlx5_0'
gdr116:67599:67610 [0] NCCL INFO ncclTopoPopulateNics : Filled mlx5_0 in topo with pciPath=/sys/devices/pci0000:00/0000:00:02.0/0000:02:00.0/0000:03:08.0/0000:04:00.0 keep=1 coll=(null)
ncclTopoPopulateNics(), graph/topo.cc:1228, NCCL GDR, Nic_Indirect_Access_GPU:5, dma_buf_enable:0, nic_name:mlx5_2
gdr116:67599:67610 [0] NCCL INFO NET/IB : GPU Direct RDMA Disabled for HCA 3 'mlx5_2'
gdr116:67599:67610 [0] NCCL INFO ncclTopoPopulateNics : Filled mlx5_2 in topo with pciPath=/sys/devices/pci0000:80/0000:80:02.0/0000:83:00.0/0000:84:08.0/0000:85:00.0 keep=1 coll=(null)
gdr114:842736:842746 [1] ncclTopoPrint, 316 NCCL INFO === System : maxBw 3.1 totalBw 12.0 ===
gdr114:842736:842746 [1] ncclTopoPrintRec, 289 NCCL INFO CPU/0-0 (1/1/1)
gdr114:842736:842746 [1] ncclTopoPrintRec, 289 NCCL INFO + PCI[12.0] - PCI/0-2000 (10b5874710b58747)
gdr114:842736:842746 [1] ncclTopoPrintRec, 289 NCCL INFO               + PCI[6.0] - NIC/0-4000
gdr114:842736:842746 [1] ncclTopoPrintRec, 308 NCCL INFO                            + NET[3.1] - NET/0-2 (0/6c5a4c0003ebc008/1/3.125000)
gdr114:842736:842746 [1] ncclTopoPrintRec, 289 NCCL INFO + PCI[12.0] - PCI/0-6000 (10b5874710b58747)
gdr114:842736:842746 [1] ncclTopoPrintRec, 289 NCCL INFO               + PCI[12.0] - GPU/0-8000 (0)
gdr114:842736:842746 [1] ncclTopoPrintRec, 308 NCCL INFO + SYS[6.0] - CPU/0-1
gdr114:842736:842746 [1] ncclTopoPrintRec, 289 NCCL INFO CPU/0-1 (1/1/1)
gdr114:842736:842746 [1] ncclTopoPrintRec, 289 NCCL INFO + PCI[12.0] - PCI/0-86000 (10b5874710b58747)
gdr114:842736:842746 [1] ncclTopoPrintRec, 289 NCCL INFO               + PCI[6.0] - NIC/0-89000
gdr114:842736:842746 [1] ncclTopoPrintRec, 308 NCCL INFO                            + NET[3.1] - NET/0-3 (0/9a3dee0003739de0/1/3.125000)
gdr114:842736:842746 [1] ncclTopoPrintRec, 289 NCCL INFO + PCI[12.0] - PCI/0-82000 (10b5874710b58747)
gdr114:842736:842746 [1] ncclTopoPrintRec, 289 NCCL INFO               + PCI[12.0] - GPU/0-85000 (1)
gdr114:842736:842746 [1] ncclTopoPrintRec, 308 NCCL INFO + SYS[6.0] - CPU/0-0
gdr114:842736:842746 [1] ncclTopoPrint, 319 NCCL INFO ==========================================
gdr114:842736:842746 [1] printNodePaths, 144 NCCL INFO GPU/0-8000 :GPU/0-8000 (0/5000.0/LOC) GPU/0-85000 (5/6.0/SYS) CPU/0-0 (2/12.0/PHB) CPU/0-1 (3/6.0/SYS) NET/0-2 (5/3.1/PHB) NET/0-3 (6/3.1/SYS) 
gdr114:842736:842746 [1] printNodePaths, 144 NCCL INFO GPU/0-85000 :GPU/0-8000 (5/6.0/SYS) GPU/0-85000 (0/5000.0/LOC) CPU/0-0 (3/6.0/SYS) CPU/0-1 (2/12.0/PHB) NET/0-2 (6/3.1/SYS) NET/0-3 (5/3.1/PHB) 
gdr114:842736:842746 [1] printNodePaths, 144 NCCL INFO NET/0-2 :GPU/0-8000 (5/3.1/PHB) GPU/0-85000 (6/3.1/SYS) CPU/0-0 (3/3.1/PHB) CPU/0-1 (4/3.1/SYS) NET/0-2 (0/5000.0/LOC) NET/0-3 (7/3.1/SYS) 
gdr114:842736:842746 [1] printNodePaths, 144 NCCL INFO NET/0-3 :GPU/0-8000 (6/3.1/SYS) GPU/0-85000 (5/3.1/PHB) CPU/0-0 (4/3.1/SYS) CPU/0-1 (3/3.1/PHB) NET/0-2 (7/3.1/SYS) NET/0-3 (0/5000.0/LOC) 
gdr114:842736:842746 [1] ncclTopoGetCpuAffinity, 1579 NCCL INFO Setting affinity for GPU 1 to fffc00,0fffc000
gdr114:842735:842747 [0] ncclTopoPrint, 316 NCCL INFO === System : maxBw 3.1 totalBw 12.0 ===
gdr114:842735:842747 [0] ncclTopoPrintRec, 289 NCCL INFO CPU/0-0 (1/1/1)
gdr114:842735:842747 [0] ncclTopoPrintRec, 289 NCCL INFO + PCI[12.0] - PCI/0-2000 (10b5874710b58747)
gdr114:842735:842747 [0] ncclTopoPrintRec, 289 NCCL INFO               + PCI[6.0] - NIC/0-4000
gdr114:842735:842747 [0] ncclTopoPrintRec, 308 NCCL INFO                            + NET[3.1] - NET/0-2 (0/6c5a4c0003ebc008/1/3.125000)
gdr114:842735:842747 [0] ncclTopoPrintRec, 289 NCCL INFO + PCI[12.0] - PCI/0-6000 (10b5874710b58747)
gdr114:842735:842747 [0] ncclTopoPrintRec, 289 NCCL INFO               + PCI[12.0] - GPU/0-8000 (0)
gdr114:842735:842747 [0] ncclTopoPrintRec, 308 NCCL INFO + SYS[6.0] - CPU/0-1
gdr114:842735:842747 [0] ncclTopoPrintRec, 289 NCCL INFO CPU/0-1 (1/1/1)
gdr114:842735:842747 [0] ncclTopoPrintRec, 289 NCCL INFO + PCI[12.0] - PCI/0-86000 (10b5874710b58747)
gdr114:842735:842747 [0] ncclTopoPrintRec, 289 NCCL INFO               + PCI[6.0] - NIC/0-89000
gdr114:842735:842747 [0] ncclTopoPrintRec, 308 NCCL INFO                            + NET[3.1] - NET/0-3 (0/9a3dee0003739de0/1/3.125000)
gdr114:842735:842747 [0] ncclTopoPrintRec, 289 NCCL INFO + PCI[12.0] - PCI/0-82000 (10b5874710b58747)
gdr114:842735:842747 [0] ncclTopoPrintRec, 289 NCCL INFO               + PCI[12.0] - GPU/0-85000 (1)
gdr114:842735:842747 [0] ncclTopoPrintRec, 308 NCCL INFO + SYS[6.0] - CPU/0-0
gdr114:842735:842747 [0] ncclTopoPrint, 319 NCCL INFO ==========================================
gdr114:842735:842747 [0] printNodePaths, 144 NCCL INFO GPU/0-8000 :GPU/0-8000 (0/5000.0/LOC) GPU/0-85000 (5/6.0/SYS) CPU/0-0 (2/12.0/PHB) CPU/0-1 (3/6.0/SYS) NET/0-2 (5/3.1/PHB) NET/0-3 (6/3.1/SYS) 
gdr114:842735:842747 [0] printNodePaths, 144 NCCL INFO GPU/0-85000 :GPU/0-8000 (5/6.0/SYS) GPU/0-85000 (0/5000.0/LOC) CPU/0-0 (3/6.0/SYS) CPU/0-1 (2/12.0/PHB) NET/0-2 (6/3.1/SYS) NET/0-3 (5/3.1/PHB) 
gdr114:842735:842747 [0] printNodePaths, 144 NCCL INFO NET/0-2 :GPU/0-8000 (5/3.1/PHB) GPU/0-85000 (6/3.1/SYS) CPU/0-0 (3/3.1/PHB) CPU/0-1 (4/3.1/SYS) NET/0-2 (0/5000.0/LOC) NET/0-3 (7/3.1/SYS) 
gdr114:842735:842747 [0] printNodePaths, 144 NCCL INFO NET/0-3 :GPU/0-8000 (6/3.1/SYS) GPU/0-85000 (5/3.1/PHB) CPU/0-0 (4/3.1/SYS) CPU/0-1 (3/3.1/PHB) NET/0-2 (7/3.1/SYS) NET/0-3 (0/5000.0/LOC) 
gdr114:842735:842747 [0] ncclTopoGetCpuAffinity, 1579 NCCL INFO Setting affinity for GPU 0 to 03ff,f0003fff
gdr114:842735:842747 [0] ncclTopoPrintGraph, 1138 NCCL INFO Pattern 4, crossNic 0, nChannels 2, bw 3.000000/3.000000, type SYS/SYS, sameChannels 1
gdr114:842735:842747 [0] ncclTopoPrintGraph, 1157 NCCL INFO  0 : NET/0-2 GPU/0 GPU/1 NET/0-2
gdr114:842735:842747 [0] ncclTopoPrintGraph, 1157 NCCL INFO  1 : NET/0-3 GPU/0 GPU/1 NET/0-3
gdr114:842735:842747 [0] ncclTopoPrintGraph, 1138 NCCL INFO Pattern 1, crossNic 0, nChannels 2, bw 4.000000/3.000000, type SYS/SYS, sameChannels 0
gdr114:842735:842747 [0] ncclTopoPrintGraph, 1157 NCCL INFO  0 : NET/0-2 GPU/0 GPU/1 NET/0-2
gdr114:842735:842747 [0] ncclTopoPrintGraph, 1157 NCCL INFO  1 : NET/0-3 GPU/1 GPU/0 NET/0-3
gdr114:842736:842746 [1] ncclTopoPrintGraph, 1138 NCCL INFO Pattern 4, crossNic 0, nChannels 2, bw 3.000000/3.000000, type SYS/SYS, sameChannels 1
gdr114:842736:842746 [1] ncclTopoPrintGraph, 1157 NCCL INFO  0 : NET/0-2 GPU/0 GPU/1 NET/0-2
gdr114:842736:842746 [1] ncclTopoPrintGraph, 1157 NCCL INFO  1 : NET/0-3 GPU/0 GPU/1 NET/0-3
gdr114:842736:842746 [1] ncclTopoPrintGraph, 1138 NCCL INFO Pattern 1, crossNic 0, nChannels 2, bw 4.000000/3.000000, type SYS/SYS, sameChannels 0
gdr114:842736:842746 [1] ncclTopoPrintGraph, 1157 NCCL INFO  0 : NET/0-2 GPU/0 GPU/1 NET/0-2
gdr114:842736:842746 [1] ncclTopoPrintGraph, 1157 NCCL INFO  1 : NET/0-3 GPU/1 GPU/0 NET/0-3
gdr116:67600:67609 [1] NCCL INFO === System : maxBw 3.1 totalBw 12.0 ===
gdr116:67600:67609 [1] NCCL INFO CPU/0-0 (1/1/1)
gdr116:67600:67609 [1] NCCL INFO + PCI[12.0] - PCI/0-2000 (10b5874710b58747)
gdr116:67600:67609 [1] NCCL INFO               + PCI[6.0] - NIC/0-4000
gdr116:67600:67609 [1] NCCL INFO                            + NET[3.1] - NET/0-2 (0/f034620003ebc008/1/3.125000)
gdr116:67600:67609 [1] NCCL INFO + PCI[12.0] - PCI/0-6000 (10b5874710b58747)
gdr116:67600:67609 [1] NCCL INFO               + PCI[12.0] - GPU/0-8000 (2)
gdr116:67600:67609 [1] NCCL INFO + SYS[6.0] - CPU/0-1
gdr116:67600:67609 [1] NCCL INFO CPU/0-1 (1/1/1)
gdr116:67600:67609 [1] NCCL INFO + PCI[12.0] - PCI/0-83000 (10b5874710b58747)
gdr116:67600:67609 [1] NCCL INFO               + PCI[6.0] - NIC/0-85000
gdr116:67600:67609 [1] NCCL INFO                            + NET[3.1] - NET/0-3 (0/24a5ea0003739de0/1/3.125000)
gdr116:67600:67609 [1] NCCL INFO + PCI[6.0] - GPU/0-82000 (3)
gdr116:67600:67609 [1] NCCL INFO + SYS[6.0] - CPU/0-0
gdr116:67600:67609 [1] NCCL INFO ==========================================
gdr116:67600:67609 [1] NCCL INFO GPU/0-8000 :GPU/0-8000 (0/5000.0/LOC) GPU/0-82000 (4/6.0/SYS) CPU/0-0 (2/12.0/PHB) CPU/0-1 (3/6.0/SYS) NET/0-2 (5/3.1/PHB) NET/0-3 (6/3.1/SYS) 
gdr116:67600:67609 [1] NCCL INFO GPU/0-82000 :GPU/0-8000 (4/6.0/SYS) GPU/0-82000 (0/5000.0/LOC) CPU/0-0 (2/6.0/SYS) CPU/0-1 (1/6.0/PHB) NET/0-2 (5/3.1/SYS) NET/0-3 (4/3.1/PHB) 
gdr116:67600:67609 [1] NCCL INFO NET/0-2 :GPU/0-8000 (5/3.1/PHB) GPU/0-82000 (5/3.1/SYS) CPU/0-0 (3/3.1/PHB) CPU/0-1 (4/3.1/SYS) NET/0-2 (0/5000.0/LOC) NET/0-3 (7/3.1/SYS) 
gdr116:67600:67609 [1] NCCL INFO NET/0-3 :GPU/0-8000 (6/3.1/SYS) GPU/0-82000 (4/3.1/PHB) CPU/0-0 (4/3.1/SYS) CPU/0-1 (3/3.1/PHB) NET/0-2 (7/3.1/SYS) NET/0-3 (0/5000.0/LOC) 
gdr116:67600:67609 [1] NCCL INFO Setting affinity for GPU 1 to fffc00,0fffc000
gdr116:67599:67610 [0] NCCL INFO === System : maxBw 3.1 totalBw 12.0 ===
gdr116:67599:67610 [0] NCCL INFO CPU/0-0 (1/1/1)
gdr116:67599:67610 [0] NCCL INFO + PCI[12.0] - PCI/0-2000 (10b5874710b58747)
gdr116:67599:67610 [0] NCCL INFO               + PCI[6.0] - NIC/0-4000
gdr116:67599:67610 [0] NCCL INFO                            + NET[3.1] - NET/0-2 (0/f034620003ebc008/1/3.125000)
gdr116:67599:67610 [0] NCCL INFO + PCI[12.0] - PCI/0-6000 (10b5874710b58747)
gdr116:67599:67610 [0] NCCL INFO               + PCI[12.0] - GPU/0-8000 (2)
gdr116:67599:67610 [0] NCCL INFO + SYS[6.0] - CPU/0-1
gdr116:67599:67610 [0] NCCL INFO CPU/0-1 (1/1/1)
gdr116:67599:67610 [0] NCCL INFO + PCI[12.0] - PCI/0-83000 (10b5874710b58747)
gdr116:67599:67610 [0] NCCL INFO               + PCI[6.0] - NIC/0-85000
gdr116:67599:67610 [0] NCCL INFO                            + NET[3.1] - NET/0-3 (0/24a5ea0003739de0/1/3.125000)
gdr116:67599:67610 [0] NCCL INFO + PCI[6.0] - GPU/0-82000 (3)
gdr116:67599:67610 [0] NCCL INFO + SYS[6.0] - CPU/0-0
gdr116:67599:67610 [0] NCCL INFO ==========================================
gdr116:67599:67610 [0] NCCL INFO GPU/0-8000 :GPU/0-8000 (0/5000.0/LOC) GPU/0-82000 (4/6.0/SYS) CPU/0-0 (2/12.0/PHB) CPU/0-1 (3/6.0/SYS) NET/0-2 (5/3.1/PHB) NET/0-3 (6/3.1/SYS) 
gdr116:67599:67610 [0] NCCL INFO GPU/0-82000 :GPU/0-8000 (4/6.0/SYS) GPU/0-82000 (0/5000.0/LOC) CPU/0-0 (2/6.0/SYS) CPU/0-1 (1/6.0/PHB) NET/0-2 (5/3.1/SYS) NET/0-3 (4/3.1/PHB) 
gdr116:67599:67610 [0] NCCL INFO NET/0-2 :GPU/0-8000 (5/3.1/PHB) GPU/0-82000 (5/3.1/SYS) CPU/0-0 (3/3.1/PHB) CPU/0-1 (4/3.1/SYS) NET/0-2 (0/5000.0/LOC) NET/0-3 (7/3.1/SYS) 
gdr116:67599:67610 [0] NCCL INFO NET/0-3 :GPU/0-8000 (6/3.1/SYS) GPU/0-82000 (4/3.1/PHB) CPU/0-0 (4/3.1/SYS) CPU/0-1 (3/3.1/PHB) NET/0-2 (7/3.1/SYS) NET/0-3 (0/5000.0/LOC) 
gdr116:67599:67610 [0] NCCL INFO Setting affinity for GPU 0 to 03ff,f0003fff
gdr116:67600:67609 [1] NCCL INFO Pattern 4, crossNic 0, nChannels 2, bw 2.400000/2.400000, type SYS/SYS, sameChannels 1
gdr116:67600:67609 [1] NCCL INFO  0 : NET/0-2 GPU/2 GPU/3 NET/0-2
gdr116:67600:67609 [1] NCCL INFO  1 : NET/0-3 GPU/2 GPU/3 NET/0-3
gdr116:67600:67609 [1] NCCL INFO Pattern 1, crossNic 0, nChannels 2, bw 2.400000/2.400000, type SYS/SYS, sameChannels 1
gdr116:67600:67609 [1] NCCL INFO  0 : NET/0-2 GPU/2 GPU/3 NET/0-2
gdr116:67600:67609 [1] NCCL INFO  1 : NET/0-3 GPU/2 GPU/3 NET/0-3
gdr116:67599:67610 [0] NCCL INFO Pattern 4, crossNic 0, nChannels 2, bw 2.400000/2.400000, type SYS/SYS, sameChannels 1
gdr116:67599:67610 [0] NCCL INFO  0 : NET/0-2 GPU/2 GPU/3 NET/0-2
gdr116:67599:67610 [0] NCCL INFO  1 : NET/0-3 GPU/2 GPU/3 NET/0-3
gdr116:67599:67610 [0] NCCL INFO Pattern 1, crossNic 0, nChannels 2, bw 2.400000/2.400000, type SYS/SYS, sameChannels 1
gdr116:67599:67610 [0] NCCL INFO  0 : NET/0-2 GPU/2 GPU/3 NET/0-2
gdr116:67599:67610 [0] NCCL INFO  1 : NET/0-3 GPU/2 GPU/3 NET/0-3
gdr114:842736:842746 [1] initTransportsRank, 1000 NCCL INFO comm 0x63ad602f5be0 rank 1 nRanks 4 nNodes 2 localRanks 2 localRank 1 MNNVL 0
gdr114:842736:842746 [1] connectTrees, 167 NCCL INFO Tree 0 : 0 -> 1 -> -1/-1/-1
gdr114:842736:842746 [1] connectTrees, 168 NCCL INFO Tree 2 : 0 -> 1 -> -1/-1/-1
gdr114:842736:842746 [1] connectTrees, 167 NCCL INFO Tree 1 : -1 -> 1 -> 0/2/-1
gdr114:842736:842746 [1] connectTrees, 168 NCCL INFO Tree 3 : 2 -> 1 -> 0/-1/-1
gdr114:842736:842746 [1] initTransportsRank, 1053 NCCL INFO Ring 00 : 0 -> 1 -> 2
gdr114:842736:842746 [1] initTransportsRank, 1053 NCCL INFO Ring 01 : 0 -> 1 -> 2
gdr114:842736:842746 [1] initTransportsRank, 1053 NCCL INFO Ring 02 : 0 -> 1 -> 2
gdr114:842736:842746 [1] initTransportsRank, 1053 NCCL INFO Ring 03 : 0 -> 1 -> 2
gdr114:842736:842746 [1] initTransportsRank, 1056 NCCL INFO Trees [0] -1/-1/-1->1->0 [1] 0/2/-1->1->-1 [2] -1/-1/-1->1->0 [3] 0/-1/-1->1->2
gdr114:842736:842746 [1] computeBuffSizes, 649 NCCL INFO P2P Chunksize set to 131072
gdr114:842735:842747 [0] initTransportsRank, 1000 NCCL INFO comm 0x64a3ea3aa5a0 rank 0 nRanks 4 nNodes 2 localRanks 2 localRank 0 MNNVL 0
gdr114:842735:842747 [0] connectTrees, 167 NCCL INFO Tree 0 : -1 -> 0 -> 1/2/-1
gdr114:842735:842747 [0] connectTrees, 168 NCCL INFO Tree 2 : 2 -> 0 -> 1/-1/-1
gdr114:842735:842747 [0] connectTrees, 167 NCCL INFO Tree 1 : 1 -> 0 -> -1/-1/-1
gdr114:842735:842747 [0] connectTrees, 168 NCCL INFO Tree 3 : 1 -> 0 -> -1/-1/-1
gdr114:842735:842747 [0] dumpLine, 25 NCCL INFO Channel 00/04 : 0 1 2 3
gdr114:842735:842747 [0] dumpLine, 25 NCCL INFO Channel 01/04 : 0 1 2 3
gdr114:842735:842747 [0] dumpLine, 25 NCCL INFO Channel 02/04 : 0 1 2 3
gdr114:842735:842747 [0] dumpLine, 25 NCCL INFO Channel 03/04 : 0 1 2 3
gdr114:842735:842747 [0] initTransportsRank, 1053 NCCL INFO Ring 00 : 3 -> 0 -> 1
gdr114:842735:842747 [0] initTransportsRank, 1053 NCCL INFO Ring 01 : 3 -> 0 -> 1
gdr114:842735:842747 [0] initTransportsRank, 1053 NCCL INFO Ring 02 : 3 -> 0 -> 1
gdr114:842735:842747 [0] initTransportsRank, 1053 NCCL INFO Ring 03 : 3 -> 0 -> 1
gdr114:842735:842747 [0] initTransportsRank, 1056 NCCL INFO Trees [0] 1/2/-1->0->-1 [1] -1/-1/-1->0->1 [2] 1/-1/-1->0->2 [3] -1/-1/-1->0->1
gdr114:842735:842747 [0] computeBuffSizes, 649 NCCL INFO P2P Chunksize set to 131072
gdr114:842735:842747 [0] ncclTransportCheckP2pType, 98 NCCL INFO Check P2P Type intraNodeP2pSupport 0 directMode 0
gdr114:842736:842746 [1] ncclProxyCreate, 1839 NCCL INFO UDS: Creating service thread comm 0x63ad602f5be0 rank 1
gdr114:842735:842747 [0] ncclProxyCreate, 1839 NCCL INFO UDS: Creating service thread comm 0x64a3ea3aa5a0 rank 0
gdr114:842736:842746 [1] allocateSpilled, 233 NCCL INFO misc/utils.cc:233 memory stack hunk malloc(65536)
gdr114:842736:842844 [1] ncclProxyService, 1575 NCCL INFO [Proxy Service] Device 1 CPU core 50
gdr114:842735:842747 [0] allocateSpilled, 233 NCCL INFO misc/utils.cc:233 memory stack hunk malloc(65536)
gdr116:67600:67609 [1] NCCL INFO comm 0x559c73a146b0 rank 3 nRanks 4 nNodes 2 localRanks 2 localRank 1 MNNVL 0
gdr116:67600:67609 [1] NCCL INFO Tree 0 : 2 -> 3 -> -1/-1/-1
gdr116:67600:67609 [1] NCCL INFO Tree 2 : 2 -> 3 -> -1/-1/-1
gdr116:67600:67609 [1] NCCL INFO Tree 1 : 2 -> 3 -> -1/-1/-1
gdr116:67600:67609 [1] NCCL INFO Tree 3 : 2 -> 3 -> -1/-1/-1
gdr116:67600:67609 [1] NCCL INFO Ring 00 : 2 -> 3 -> 0
gdr116:67600:67609 [1] NCCL INFO Ring 01 : 2 -> 3 -> 0
gdr116:67600:67609 [1] NCCL INFO Ring 02 : 2 -> 3 -> 0
gdr116:67600:67609 [1] NCCL INFO Ring 03 : 2 -> 3 -> 0
gdr116:67600:67609 [1] NCCL INFO Trees [0] -1/-1/-1->3->2 [1] -1/-1/-1->3->2 [2] -1/-1/-1->3->2 [3] -1/-1/-1->3->2
gdr116:67600:67609 [1] NCCL INFO P2P Chunksize set to 131072
gdr116:67599:67610 [0] NCCL INFO comm 0x5f9d550eb560 rank 2 nRanks 4 nNodes 2 localRanks 2 localRank 0 MNNVL 0
gdr116:67599:67610 [0] NCCL INFO Tree 0 : 0 -> 2 -> 3/-1/-1
gdr116:67599:67610 [0] NCCL INFO Tree 2 : -1 -> 2 -> 3/0/-1
gdr116:67599:67610 [0] NCCL INFO Tree 1 : 1 -> 2 -> 3/-1/-1
gdr116:67599:67610 [0] NCCL INFO Tree 3 : -1 -> 2 -> 3/1/-1
gdr116:67599:67610 [0] NCCL INFO Ring 00 : 1 -> 2 -> 3
gdr116:67599:67610 [0] NCCL INFO Ring 01 : 1 -> 2 -> 3
gdr116:67599:67610 [0] NCCL INFO Ring 02 : 1 -> 2 -> 3
gdr116:67599:67610 [0] NCCL INFO Ring 03 : 1 -> 2 -> 3
gdr116:67599:67610 [0] NCCL INFO Trees [0] 3/-1/-1->2->0 [1] 3/-1/-1->2->1 [2] 3/0/-1->2->-1 [3] 3/1/-1->2->-1
gdr116:67599:67610 [0] NCCL INFO P2P Chunksize set to 131072
gdr114:842735:842845 [0] ncclProxyService, 1575 NCCL INFO [Proxy Service] Device 0 CPU core 2
gdr114:842736:842846 [1] ncclProxyServiceUDS, 1766 NCCL INFO [Proxy Service UDS] Device 1 CPU core 23
gdr116:67599:67610 [0] NCCL INFO UDS: Creating service thread comm 0x5f9d550eb560 rank 2
gdr114:842735:842847 [0] ncclProxyServiceUDS, 1766 NCCL INFO [Proxy Service UDS] Device 0 CPU core 34
gdr116:67600:67609 [1] NCCL INFO UDS: Creating service thread comm 0x559c73a146b0 rank 3
gdr116:67600:67609 [1] NCCL INFO misc/utils.cc:233 memory stack hunk malloc(65536)
gdr116:67599:67610 [0] NCCL INFO misc/utils.cc:233 memory stack hunk malloc(65536)
gdr116:67600:67637 [1] NCCL INFO [Proxy Service] Device 1 CPU core 49
gdr116:67600:67639 [1] NCCL INFO [Proxy Service UDS] Device 1 CPU core 50
gdr116:67599:67638 [0] NCCL INFO [Proxy Service] Device 0 CPU core 2
gdr116:67599:67640 [0] NCCL INFO [Proxy Service UDS] Device 0 CPU core 33
gdr114:842735:842747 [0] ncclCudaCallocAsyncDebug, 347 NCCL INFO channel.cc:42 Cuda Alloc Size 2432 pointer 0x749f07800000
gdr116:67600:67609 [1] NCCL INFO channel.cc:42 Cuda Alloc Size 2432 pointer 0x70b96b800000
gdr114:842736:842746 [1] ncclCudaCallocAsyncDebug, 347 NCCL INFO channel.cc:42 Cuda Alloc Size 2432 pointer 0x70223f800000
gdr116:67599:67610 [0] NCCL INFO channel.cc:42 Cuda Alloc Size 2432 pointer 0x7fb9db800000
gdr116:67599:67610 [0] NCCL INFO channel.cc:45 Cuda Alloc Size 56 pointer 0x7fb9dba00000
gdr116:67600:67609 [1] NCCL INFO channel.cc:45 Cuda Alloc Size 56 pointer 0x70b96ba00000
gdr114:842735:842747 [0] ncclCudaCallocAsyncDebug, 347 NCCL INFO channel.cc:45 Cuda Alloc Size 56 pointer 0x749f07a00000
gdr116:67599:67610 [0] NCCL INFO channel.cc:56 Cuda Alloc Size 16 pointer 0x7fb9dbc00000
gdr114:842736:842746 [1] ncclCudaCallocAsyncDebug, 347 NCCL INFO channel.cc:45 Cuda Alloc Size 56 pointer 0x70223fa00000
gdr116:67600:67609 [1] NCCL INFO channel.cc:56 Cuda Alloc Size 16 pointer 0x70b96bc00000
gdr114:842735:842747 [0] ncclCudaCallocAsyncDebug, 347 NCCL INFO channel.cc:56 Cuda Alloc Size 16 pointer 0x749f07c00000
gdr116:67599:67610 [0] NCCL INFO channel.cc:42 Cuda Alloc Size 2432 pointer 0x7fb9dbe00000
gdr116:67600:67609 [1] NCCL INFO channel.cc:42 Cuda Alloc Size 2432 pointer 0x70b96be00000
gdr114:842735:842747 [0] ncclCudaCallocAsyncDebug, 347 NCCL INFO channel.cc:42 Cuda Alloc Size 2432 pointer 0x749f07e00000
gdr114:842736:842746 [1] ncclCudaCallocAsyncDebug, 347 NCCL INFO channel.cc:56 Cuda Alloc Size 16 pointer 0x70223fc00000
gdr116:67599:67610 [0] NCCL INFO channel.cc:45 Cuda Alloc Size 56 pointer 0x7fb9e5e00000
gdr116:67600:67609 [1] NCCL INFO channel.cc:45 Cuda Alloc Size 56 pointer 0x70b975e00000
gdr114:842735:842747 [0] ncclCudaCallocAsyncDebug, 347 NCCL INFO channel.cc:45 Cuda Alloc Size 56 pointer 0x749f11e00000
gdr116:67599:67610 [0] NCCL INFO channel.cc:56 Cuda Alloc Size 16 pointer 0x7fbb9e000000
gdr114:842736:842746 [1] ncclCudaCallocAsyncDebug, 347 NCCL INFO channel.cc:42 Cuda Alloc Size 2432 pointer 0x70223fe00000
gdr114:842735:842747 [0] ncclCudaCallocAsyncDebug, 347 NCCL INFO channel.cc:56 Cuda Alloc Size 16 pointer 0x74a0c8000000
gdr116:67600:67609 [1] NCCL INFO channel.cc:56 Cuda Alloc Size 16 pointer 0x70bb2e000000
gdr116:67599:67610 [0] NCCL INFO channel.cc:42 Cuda Alloc Size 2432 pointer 0x7fbb9e200000
gdr114:842736:842746 [1] ncclCudaCallocAsyncDebug, 347 NCCL INFO channel.cc:45 Cuda Alloc Size 56 pointer 0x702249e00000
gdr114:842735:842747 [0] ncclCudaCallocAsyncDebug, 347 NCCL INFO channel.cc:42 Cuda Alloc Size 2432 pointer 0x74a0c8200000
gdr116:67599:67610 [0] NCCL INFO channel.cc:45 Cuda Alloc Size 56 pointer 0x7fbb9e400000
gdr116:67600:67609 [1] NCCL INFO channel.cc:42 Cuda Alloc Size 2432 pointer 0x70bb2e200000
gdr114:842735:842747 [0] ncclCudaCallocAsyncDebug, 347 NCCL INFO channel.cc:45 Cuda Alloc Size 56 pointer 0x74a0c8400000
gdr116:67600:67609 [1] NCCL INFO channel.cc:45 Cuda Alloc Size 56 pointer 0x70bb2e400000
gdr116:67599:67610 [0] NCCL INFO channel.cc:56 Cuda Alloc Size 16 pointer 0x7fbb9e600000
gdr114:842736:842746 [1] ncclCudaCallocAsyncDebug, 347 NCCL INFO channel.cc:56 Cuda Alloc Size 16 pointer 0x7023fe000000
gdr114:842735:842747 [0] ncclCudaCallocAsyncDebug, 347 NCCL INFO channel.cc:56 Cuda Alloc Size 16 pointer 0x74a0c8600000
gdr116:67599:67610 [0] NCCL INFO channel.cc:42 Cuda Alloc Size 2432 pointer 0x7fbb9e800000
gdr116:67600:67609 [1] NCCL INFO channel.cc:56 Cuda Alloc Size 16 pointer 0x70bb2e600000
gdr116:67599:67610 [0] NCCL INFO channel.cc:45 Cuda Alloc Size 56 pointer 0x7fbb9ea00000
gdr114:842735:842747 [0] ncclCudaCallocAsyncDebug, 347 NCCL INFO channel.cc:42 Cuda Alloc Size 2432 pointer 0x74a0c8800000
gdr116:67600:67609 [1] NCCL INFO channel.cc:42 Cuda Alloc Size 2432 pointer 0x70bb2e800000
gdr114:842736:842746 [1] ncclCudaCallocAsyncDebug, 347 NCCL INFO channel.cc:42 Cuda Alloc Size 2432 pointer 0x7023fe200000
gdr114:842735:842747 [0] ncclCudaCallocAsyncDebug, 347 NCCL INFO channel.cc:45 Cuda Alloc Size 56 pointer 0x74a0c8a00000
gdr116:67599:67610 [0] NCCL INFO channel.cc:56 Cuda Alloc Size 16 pointer 0x7fbb9ec00000
gdr116:67599:67610 [0] NCCL INFO threadThresholds 8/8/64 | 32/8/64 | 512 | 512
gdr116:67599:67610 [0] NCCL INFO 4 coll channels, 4 collnet channels, 0 nvls channels, 4 p2p channels, 2 p2p channels per peer
gdr116:67600:67609 [1] NCCL INFO channel.cc:45 Cuda Alloc Size 56 pointer 0x70bb2ea00000
gdr114:842736:842746 [1] ncclCudaCallocAsyncDebug, 347 NCCL INFO channel.cc:45 Cuda Alloc Size 56 pointer 0x7023fe400000
gdr114:842735:842747 [0] ncclCudaCallocAsyncDebug, 347 NCCL INFO channel.cc:56 Cuda Alloc Size 16 pointer 0x74a0c8c00000
gdr114:842735:842747 [0] ncclTopoTuneModel, 456 NCCL INFO   Algorithm   |                            Tree                  |                            Ring                  |                   CollNetDirect                  |
gdr114:842735:842747 [0] ncclTopoTuneModel, 463 NCCL INFO   Protocol    |             LL |          LL128 |         Simple |             LL |          LL128 |         Simple |             LL |          LL128 |         Simple |
gdr114:842735:842747 [0] ncclTopoTuneModel, 472 NCCL INFO  Max NThreads |            512 |            640 |            512 |            512 |            640 |            256 |              0 |              0 |            640 |
gdr114:842735:842747 [0] ncclTopoTuneModel, 482 NCCL INFO     Broadcast |     0.0/   0.0 |     0.0/   0.0 |     0.0/   0.0 |     9.3/   2.4 |    18.0/   0.0 |    22.4/   4.8 |     0.0/   0.0 |     0.0/   0.0 |     0.0/   0.0 |
gdr114:842735:842747 [0] ncclTopoTuneModel, 482 NCCL INFO        Reduce |     0.0/   0.0 |     0.0/   0.0 |     0.0/   0.0 |     9.3/   2.4 |    18.0/   0.0 |    22.4/   4.8 |     0.0/   0.0 |     0.0/   0.0 |     0.0/   0.0 |
gdr114:842735:842747 [0] ncclTopoTuneModel, 482 NCCL INFO     AllGather |     0.0/   0.0 |     0.0/   0.0 |     0.0/   0.0 |    11.3/   3.2 |    23.0/   0.0 |    33.8/   6.4 |     0.8/   0.0 |     0.8/   0.0 |    39.2/   0.0 |
gdr114:842735:842747 [0] ncclTopoTuneModel, 482 NCCL INFO ReduceScatter |     0.0/   0.0 |     0.0/   0.0 |     0.0/   0.0 |    11.3/   3.2 |    23.0/   0.0 |    33.8/   6.4 |     0.8/   0.0 |     0.8/   0.0 |    39.2/   0.0 |
gdr116:67599:67610 [0] NCCL INFO init.cc:436 Cuda Alloc Size 23648 pointer 0x7fbb9ee00000
gdr114:842735:842747 [0] ncclTopoTuneModel, 482 NCCL INFO     AllReduce |    18.8/   0.6 |    34.8/   0.0 |    44.4/   2.2 |    16.0/   1.6 |    32.0/   0.0 |    59.2/   3.2 |     0.8/   0.0 |     0.8/   0.0 |    39.2/   0.0 |
gdr114:842735:842747 [0] ncclTopoTuneModel, 456 NCCL INFO   Algorithm   |                    CollNetChain                  |                            NVLS                  |                        NVLSTree                  |
gdr114:842735:842747 [0] ncclTopoTuneModel, 463 NCCL INFO   Protocol    |             LL |          LL128 |         Simple |             LL |          LL128 |         Simple |             LL |          LL128 |         Simple |
gdr114:842735:842747 [0] ncclTopoTuneModel, 472 NCCL INFO  Max NThreads |              0 |              0 |            640 |              0 |              0 |            640 |              0 |              0 |            640 |
gdr114:842735:842747 [0] ncclTopoTuneModel, 482 NCCL INFO     Broadcast |     0.0/   0.0 |     0.0/   0.0 |     0.0/   0.0 |     0.0/   0.0 |     0.0/   0.0 |     0.0/   0.0 |     0.0/   0.0 |     0.0/   0.0 |     0.0/   0.0 |
gdr114:842735:842747 [0] ncclTopoTuneModel, 482 NCCL INFO        Reduce |     0.0/   0.0 |     0.0/   0.0 |     0.0/   0.0 |     0.0/   0.0 |     0.0/   0.0 |     0.0/   0.0 |     0.0/   0.0 |     0.0/   0.0 |     0.0/   0.0 |
gdr114:842735:842747 [0] ncclTopoTuneModel, 482 NCCL INFO     AllGather |     0.0/   0.0 |     0.0/   0.0 |     0.0/   0.0 |     0.0/   0.0 |     0.0/   0.0 |    18.0/   0.0 |     0.0/   0.0 |     0.0/   0.0 |     0.0/   0.0 |
gdr114:842735:842747 [0] ncclTopoTuneModel, 482 NCCL INFO ReduceScatter |     0.0/   0.0 |     0.0/   0.0 |     0.0/   0.0 |     0.0/   0.0 |     0.0/   0.0 |    18.0/   0.0 |     0.0/   0.0 |     0.0/   0.0 |     0.0/   0.0 |
gdr114:842735:842747 [0] ncclTopoTuneModel, 482 NCCL INFO     AllReduce |     0.0/   0.0 |     0.0/   0.0 |    35.6/   0.0 |     0.0/   0.0 |     0.0/   0.0 |    18.0/   0.0 |     0.0/   0.0 |     0.0/   0.0 |    28.0/   0.0 |
gdr114:842735:842747 [0] ncclTopoTuneModel, 456 NCCL INFO   Algorithm   |                             PAT                  |
gdr114:842735:842747 [0] ncclTopoTuneModel, 463 NCCL INFO   Protocol    |             LL |          LL128 |         Simple |             LL |          LL128 |         Simple |             LL |          LL128 |         Simple |
gdr114:842735:842747 [0] ncclTopoTuneModel, 472 NCCL INFO  Max NThreads |              0 |              0 |              0 |
gdr114:842735:842747 [0] ncclTopoTuneModel, 482 NCCL INFO     Broadcast |     0.0/   0.0 |     0.0/   0.0 |     0.0/   0.0 |
gdr114:842735:842747 [0] ncclTopoTuneModel, 482 NCCL INFO        Reduce |     0.0/   0.0 |     0.0/   0.0 |     0.0/   0.0 |
gdr116:67600:67609 [1] NCCL INFO channel.cc:56 Cuda Alloc Size 16 pointer 0x70bb2ec00000
gdr116:67600:67609 [1] NCCL INFO threadThresholds 8/8/64 | 32/8/64 | 512 | 512
gdr116:67600:67609 [1] NCCL INFO 4 coll channels, 4 collnet channels, 0 nvls channels, 4 p2p channels, 2 p2p channels per peer
gdr114:842736:842746 [1] ncclCudaCallocAsyncDebug, 347 NCCL INFO channel.cc:56 Cuda Alloc Size 16 pointer 0x7023fe600000
gdr114:842735:842747 [0] ncclTopoTuneModel, 482 NCCL INFO     AllGather |     0.0/   0.0 |     0.0/   0.0 |     0.0/   0.0 |
gdr114:842735:842747 [0] ncclTopoTuneModel, 482 NCCL INFO ReduceScatter |     0.0/   0.0 |     0.0/   0.0 |     0.0/   0.0 |
gdr114:842735:842747 [0] ncclTopoTuneModel, 482 NCCL INFO     AllReduce |     0.0/   0.0 |     0.0/   0.0 |     0.0/   0.0 |
gdr114:842735:842747 [0] ncclTopoTuneModel, 510 NCCL INFO threadThresholds 8/8/64 | 32/8/64 | 512 | 512
gdr114:842735:842747 [0] initTransportsRank, 1231 NCCL INFO 4 coll channels, 4 collnet channels, 0 nvls channels, 4 p2p channels, 2 p2p channels per peer
gdr116:67599:67610 [0] NCCL INFO init.cc:438 Cuda Alloc Size 16 pointer 0x7fbb9f000000
gdr116:67600:67609 [1] NCCL INFO init.cc:436 Cuda Alloc Size 23648 pointer 0x70bb2ee00000
gdr114:842735:842747 [0] ncclCudaCallocAsyncDebug, 347 NCCL INFO init.cc:436 Cuda Alloc Size 23648 pointer 0x74a0c8e00000
gdr114:842736:842746 [1] ncclCudaCallocAsyncDebug, 347 NCCL INFO channel.cc:42 Cuda Alloc Size 2432 pointer 0x7023fe800000
gdr116:67599:67610 [0] NCCL INFO init.cc:490 Cuda Host Alloc Size 1048576 pointer 0x7fbbada00200
gdr116:67599:67610 [0] NCCL INFO init.cc:495 Cuda Host Alloc Size 256 pointer 0x7fbbadb00200
gdr116:67599:67610 [0] NCCL INFO init.cc:502 Cuda Host Alloc Size 512 pointer 0x7fbbadb00400
gdr116:67599:67610 [0] NCCL INFO init.cc:503 Cuda Host Alloc Size 512 pointer 0x7fbbadb00600
gdr116:67600:67609 [1] NCCL INFO init.cc:438 Cuda Alloc Size 16 pointer 0x70bb2f000000
gdr114:842735:842747 [0] ncclCudaCallocAsyncDebug, 347 NCCL INFO init.cc:438 Cuda Alloc Size 16 pointer 0x74a0c9000000
gdr114:842735:842747 [0] devCommSetup, 480 NCCL INFO CC Off, workFifoBytes 1048576
gdr114:842736:842746 [1] ncclCudaCallocAsyncDebug, 347 NCCL INFO channel.cc:45 Cuda Alloc Size 56 pointer 0x7023fea00000
gdr114:842735:842747 [0] ncclCudaHostCallocDebug, 120 NCCL INFO init.cc:490 Cuda Host Alloc Size 1048576 pointer 0x74a0d7a00200
gdr114:842736:842746 [1] ncclCudaCallocAsyncDebug, 347 NCCL INFO channel.cc:56 Cuda Alloc Size 16 pointer 0x7023fec00000
gdr114:842736:842746 [1] ncclTopoTuneModel, 510 NCCL INFO threadThresholds 8/8/64 | 32/8/64 | 512 | 512
gdr114:842736:842746 [1] initTransportsRank, 1231 NCCL INFO 4 coll channels, 4 collnet channels, 0 nvls channels, 4 p2p channels, 2 p2p channels per peer
gdr114:842735:842747 [0] ncclCudaHostCallocDebug, 120 NCCL INFO init.cc:495 Cuda Host Alloc Size 256 pointer 0x74a0d7b00200
gdr114:842735:842747 [0] ncclCudaHostCallocDebug, 120 NCCL INFO init.cc:502 Cuda Host Alloc Size 512 pointer 0x74a0d7b00400
gdr114:842735:842747 [0] ncclCudaHostCallocDebug, 120 NCCL INFO init.cc:503 Cuda Host Alloc Size 512 pointer 0x74a0d7b00600
gdr116:67600:67609 [1] NCCL INFO init.cc:490 Cuda Host Alloc Size 1048576 pointer 0x70bb3da00200
gdr116:67600:67609 [1] NCCL INFO init.cc:495 Cuda Host Alloc Size 256 pointer 0x70bb3db00200
gdr116:67600:67609 [1] NCCL INFO init.cc:502 Cuda Host Alloc Size 512 pointer 0x70bb3db00400
gdr116:67600:67609 [1] NCCL INFO init.cc:503 Cuda Host Alloc Size 512 pointer 0x70bb3db00600
gdr114:842736:842746 [1] ncclCudaCallocAsyncDebug, 347 NCCL INFO init.cc:436 Cuda Alloc Size 23648 pointer 0x7023fee00000
gdr116:67599:67610 [0] NCCL INFO TUNER/Plugin: Could not find: libnccl-tuner.so. Using internal tuner plugin.
gdr116:67599:67610 NCCL CALL ncclCommInitRank(0x5f9d550eb560, 4, 0x6697036b18d088cb, 2, 0)
gdr116:67599:67610 [0] NCCL INFO ncclCommInitRank comm 0x5f9d550eb560 rank 2 nranks 4 cudaDev 0 nvmlDev 0 busId 8000 commId 0x6697036b18d088cb - Init COMPLETE
gdr116:67599:67610 [0] NCCL INFO Init timings - ncclCommInitRank: rank 2 nranks 4 total 3.44 (kernels 3.30, alloc 0.07, bootstrap 0.03, allgathers 0.00, topo 0.03, graphs 0.00, connections 0.00, rest 0.00)
gdr116:67600:67609 [1] NCCL INFO TUNER/Plugin: Could not find: libnccl-tuner.so. Using internal tuner plugin.
gdr116:67600:67609 NCCL CALL ncclCommInitRank(0x559c73a146b0, 4, 0x6697036b18d088cb, 3, 1)
gdr116:67600:67609 [1] NCCL INFO ncclCommInitRank comm 0x559c73a146b0 rank 3 nranks 4 cudaDev 1 nvmlDev 1 busId 82000 commId 0x6697036b18d088cb - Init COMPLETE
gdr116:67600:67609 [1] NCCL INFO Init timings - ncclCommInitRank: rank 3 nranks 4 total 3.44 (kernels 3.14, alloc 0.07, bootstrap 0.20, allgathers 0.00, topo 0.03, graphs 0.00, connections 0.00, rest 0.00)
gdr116:67599:67599 NCCL CALL ncclGroupEnd()
gdr116:67600:67600 NCCL CALL ncclGroupEnd()
gdr114:842736:842746 [1] ncclCudaCallocAsyncDebug, 347 NCCL INFO init.cc:438 Cuda Alloc Size 16 pointer 0x7023ff000000
gdr114:842736:842746 [1] ncclCudaHostCallocDebug, 120 NCCL INFO init.cc:490 Cuda Host Alloc Size 1048576 pointer 0x70240da00200
gdr114:842736:842746 [1] ncclCudaHostCallocDebug, 120 NCCL INFO init.cc:495 Cuda Host Alloc Size 256 pointer 0x70240db00200
gdr114:842736:842746 [1] ncclCudaHostCallocDebug, 120 NCCL INFO init.cc:502 Cuda Host Alloc Size 512 pointer 0x70240db00400
gdr114:842736:842746 [1] ncclCudaHostCallocDebug, 120 NCCL INFO init.cc:503 Cuda Host Alloc Size 512 pointer 0x70240db00600
gdr114:842735:842747 [0] openPluginLib, 102 NCCL INFO TUNER/Plugin: Could not find: libnccl-tuner.so. Using internal tuner plugin.
gdr114:842735:842747 [0] ncclCommInitRankFunc, 1441 NCCL TRACE ncclCommInitRank(0x64a3ea3aa5a0, 4, 0x6697036b18d088cb, 0, 0)
gdr114:842735:842747 [0] ncclCommInitRankFunc, 1442 NCCL INFO ncclCommInitRank comm 0x64a3ea3aa5a0 rank 0 nranks 4 cudaDev 0 nvmlDev 0 busId 8000 commId 0x6697036b18d088cb - Init COMPLETE
gdr114:842735:842747 [0] ncclCommInitRankFunc, 1448 NCCL INFO Init timings - ncclCommInitRank: rank 0 nranks 4 total 3.43 (kernels 3.30, alloc 0.05, bootstrap 0.05, allgathers 0.01, topo 0.02, graphs 0.00, connections 0.00, rest 0.00)
gdr114:842736:842746 [1] openPluginLib, 102 NCCL INFO TUNER/Plugin: Could not find: libnccl-tuner.so. Using internal tuner plugin.
gdr114:842736:842746 [0] ncclCommInitRankFunc, 1441 NCCL TRACE ncclCommInitRank(0x63ad602f5be0, 4, 0x6697036b18d088cb, 1, 1)
gdr114:842736:842746 [1] ncclCommInitRankFunc, 1442 NCCL INFO ncclCommInitRank comm 0x63ad602f5be0 rank 1 nranks 4 cudaDev 1 nvmlDev 1 busId 85000 commId 0x6697036b18d088cb - Init COMPLETE
gdr114:842736:842746 [1] ncclCommInitRankFunc, 1448 NCCL INFO Init timings - ncclCommInitRank: rank 1 nranks 4 total 3.44 (kernels 3.35, alloc 0.05, bootstrap 0.00, allgathers 0.01, topo 0.02, graphs 0.01, connections 0.01, rest 0.00)
gdr114:842735:842735 [0] ncclGroupEnd, 107 NCCL TRACE ncclGroupEnd()
gdr114:842736:842736 [0] ncclGroupEnd, 107 NCCL TRACE ncclGroupEnd()
run(), common.cu:1082, #
run(), common.cu:1083, #                                                              out-of-place                       in-place          
run(), common.cu:1084, #       size         count      type   redop    root     time   algbw   busbw #wrong     time   algbw   busbw #wrong
run(), common.cu:1086, #        (B)    (elements)                               (us)  (GB/s)  (GB/s)            (us)  (GB/s)  (GB/s)       
gdr114:842736:842736 [1] ncclEnqueueCheck, 2306 NCCL INFO AllGather: opCount 0 sendbuff 0x7023be000000 recvbuff 0x70237e000000 count 67108864 datatype 7 op 0 root 0 comm 0x63ad602f5be0 [nranks=4] stream 0x63ad602e8070
gdr114:842736:842736 [0] ncclEnqueueCheck, 2309 NCCL TRACE ncclAllGather(7023be000000,70237e000000,67108864,7,0,0,0x63ad602f5be0,0x63ad602e8070)
gdr114:842736:842736 [1] allocateSpilled, 233 NCCL INFO misc/utils.cc:233 memory stack hunk malloc(65536)
gdr114:842735:842735 [0] ncclEnqueueCheck, 2306 NCCL INFO AllGather: opCount 0 sendbuff 0x74a088000000 recvbuff 0x74a048000000 count 67108864 datatype 7 op 0 root 0 comm 0x64a3ea3aa5a0 [nranks=4] stream 0x64a3ea3a1740
gdr114:842735:842735 [0] ncclEnqueueCheck, 2309 NCCL TRACE ncclAllGather(74a088000000,74a048000000,67108864,7,0,0,0x64a3ea3aa5a0,0x64a3ea3a1740)
gdr114:842735:842735 [0] allocateSpilled, 233 NCCL INFO misc/utils.cc:233 memory stack hunk malloc(65536)
gdr116:67599:67599 [0] NCCL INFO AllGather: opCount 0 sendbuff 0x7fbb5e000000 recvbuff 0x7fbb1e000000 count 67108864 datatype 7 op 0 root 0 comm 0x5f9d550eb560 [nranks=4] stream 0x5f9d550dd100
gdr116:67599:67599 NCCL CALL ncclAllGather(7fbb5e000000,7fbb1e000000,67108864,7,0,0,0x5f9d550eb560,0x5f9d550dd100)
gdr116:67599:67599 [0] NCCL INFO misc/utils.cc:233 memory stack hunk malloc(65536)
gdr114:842736:842844 [1] ncclRealloc, 164 NCCL INFO Mem Realloc old size 0, new size 8 pointer 0x702224000d00
gdr114:842736:842844 [1] proxyConnInit, 1403 NCCL INFO New proxy recv connection 0 from local rank 1, transport 1
gdr114:842736:842844 [1] proxyProgressAsync, 1477 NCCL INFO proxyProgressAsync opId=0x702338000bd0 op.type=1 op.reqBuff=0x702224000cc0 op.respSize=16 done
gdr114:842735:842845 [0] ncclRealloc, 164 NCCL INFO Mem Realloc old size 0, new size 8 pointer 0x749eec000d00
gdr114:842736:842848 [1] ncclPollProxyResponse, 1278 NCCL INFO ncclPollProxyResponse Received new opId=0x702338000bd0
gdr114:842736:842848 [1] ncclPollProxyResponse, 1291 NCCL INFO resp.opId=0x702338000bd0 matches expected opId=0x702338000bd0
gdr114:842736:842848 [1] ncclProxyConnect, 1134 NCCL INFO Connected to proxy localRank 1 -> connection 0x702224000d20
gdr114:842736:842844 [1] ncclProxyService, 1691 NCCL INFO Received and initiated operation=Init res=0
gdr116:67600:67600 [1] NCCL INFO AllGather: opCount 0 sendbuff 0x70baee000000 recvbuff 0x70baae000000 count 67108864 datatype 7 op 0 root 0 comm 0x559c73a146b0 [nranks=4] stream 0x559c73a06250
gdr116:67600:67600 NCCL CALL ncclAllGather(70baee000000,70baae000000,67108864,7,0,0,0x559c73a146b0,0x559c73a06250)
gdr116:67600:67600 [1] NCCL INFO misc/utils.cc:233 memory stack hunk malloc(65536)
gdr116:67600:67637 [1] NCCL INFO Mem Realloc old size 0, new size 8 pointer 0x70b94c000d00
gdr116:67600:67637 [1] NCCL INFO New proxy recv connection 0 from local rank 1, transport 1
gdr116:67600:67637 [1] NCCL INFO proxyProgressAsync opId=0x70ba68000bd0 op.type=1 op.reqBuff=0x70b94c000cc0 op.respSize=16 done
gdr116:67600:67642 [1] NCCL INFO ncclPollProxyResponse Received new opId=0x70ba68000bd0
gdr116:67600:67642 [1] NCCL INFO resp.opId=0x70ba68000bd0 matches expected opId=0x70ba68000bd0
gdr116:67600:67637 [1] NCCL INFO Received and initiated operation=Init res=0
gdr116:67600:67642 [1] NCCL INFO Connected to proxy localRank 1 -> connection 0x70b94c000d20
gdr116:67599:67638 [0] NCCL INFO Mem Realloc old size 0, new size 8 pointer 0x7fb9bc000d00
gdr114:842736:842844 [1] ncclShmOpen, 91 NCCL INFO Allocated 9637892 bytes of shared memory in /dev/shm/nccl-kYrcAf
gdr116:67600:67637 [1] NCCL INFO Allocated 9637892 bytes of shared memory in /dev/shm/nccl-32uFTz
gdr116:67600:67637 [1] NCCL INFO MMAP allocated shareable host buffer /dev/shm/nccl-32uFTz size 9637888 ptr 0x70b9940f8000
gdr116:67600:67637 [1] NCCL INFO proxyProgressAsync opId=0x70ba68000bd0 op.type=3 op.reqBuff=0x70b94c000ce0 op.respSize=112 done
gdr116:67600:67642 [1] NCCL INFO ncclPollProxyResponse Received new opId=0x70ba68000bd0
gdr116:67600:67637 [1] NCCL INFO Received and initiated operation=Setup res=0
gdr116:67600:67642 [1] NCCL INFO resp.opId=0x70ba68000bd0 matches expected opId=0x70ba68000bd0
gdr116:67600:67637 [1] NCCL INFO New proxy recv connection 1 from local rank 1, transport 1
gdr116:67600:67637 [1] NCCL INFO proxyProgressAsync opId=0x70ba68000bd0 op.type=1 op.reqBuff=0x70b94c000ce0 op.respSize=16 done
gdr116:67600:67642 [1] NCCL INFO ncclPollProxyResponse Received new opId=0x70ba68000bd0
gdr116:67600:67637 [1] NCCL INFO Received and initiated operation=Init res=0
gdr116:67600:67642 [1] NCCL INFO resp.opId=0x70ba68000bd0 matches expected opId=0x70ba68000bd0
gdr116:67600:67642 [1] NCCL INFO Connected to proxy localRank 1 -> connection 0x70b94c000d98
gdr114:842736:842844 [1] ncclShmAllocateShareableBuffer, 560 NCCL INFO MMAP allocated shareable host buffer /dev/shm/nccl-kYrcAf size 9637888 ptr 0x70222a0f8000
gdr114:842736:842844 [1] proxyProgressAsync, 1477 NCCL INFO proxyProgressAsync opId=0x702338000bd0 op.type=3 op.reqBuff=0x702224000ce0 op.respSize=112 done
gdr114:842736:842848 [1] ncclPollProxyResponse, 1278 NCCL INFO ncclPollProxyResponse Received new opId=0x702338000bd0
gdr114:842736:842844 [1] ncclProxyService, 1691 NCCL INFO Received and initiated operation=Setup res=0
gdr114:842736:842848 [1] ncclPollProxyResponse, 1291 NCCL INFO resp.opId=0x702338000bd0 matches expected opId=0x702338000bd0
gdr114:842736:842844 [1] proxyConnInit, 1403 NCCL INFO New proxy recv connection 1 from local rank 1, transport 1
gdr114:842736:842844 [1] proxyProgressAsync, 1477 NCCL INFO proxyProgressAsync opId=0x702338000bd0 op.type=1 op.reqBuff=0x702224000ce0 op.respSize=16 done
gdr114:842736:842848 [1] ncclPollProxyResponse, 1278 NCCL INFO ncclPollProxyResponse Received new opId=0x702338000bd0
gdr114:842736:842844 [1] ncclProxyService, 1691 NCCL INFO Received and initiated operation=Init res=0
gdr114:842736:842848 [1] ncclPollProxyResponse, 1291 NCCL INFO resp.opId=0x702338000bd0 matches expected opId=0x702338000bd0
gdr114:842736:842848 [1] ncclProxyConnect, 1134 NCCL INFO Connected to proxy localRank 1 -> connection 0x702224000d98
gdr116:67600:67637 [1] NCCL INFO Allocated 9637892 bytes of shared memory in /dev/shm/nccl-0YXcCR
gdr114:842736:842844 [1] ncclShmOpen, 91 NCCL INFO Allocated 9637892 bytes of shared memory in /dev/shm/nccl-iyMQmR
gdr114:842735:842845 [0] ncclShmOpen, 91 NCCL INFO Allocated 33030532 bytes of shared memory in /dev/shm/nccl-25hSvx
gdr116:67599:67638 [0] NCCL INFO Allocated 33030532 bytes of shared memory in /dev/shm/nccl-hEu27J
gdr116:67600:67637 [1] NCCL INFO MMAP allocated shareable host buffer /dev/shm/nccl-0YXcCR size 9637888 ptr 0x70b9896ce000
gdr116:67600:67637 [1] NCCL INFO proxyProgressAsync opId=0x70ba68000bd0 op.type=3 op.reqBuff=0x70b94c005af0 op.respSize=112 done
gdr116:67600:67642 [1] NCCL INFO ncclPollProxyResponse Received new opId=0x70ba68000bd0
gdr116:67600:67637 [1] NCCL INFO Received and initiated operation=Setup res=0
gdr116:67600:67642 [1] NCCL INFO resp.opId=0x70ba68000bd0 matches expected opId=0x70ba68000bd0
gdr116:67600:67637 [1] NCCL INFO New proxy recv connection 2 from local rank 1, transport 1
gdr116:67600:67637 [1] NCCL INFO proxyProgressAsync opId=0x70ba68000bd0 op.type=1 op.reqBuff=0x70b94c005af0 op.respSize=16 done
gdr116:67600:67642 [1] NCCL INFO ncclPollProxyResponse Received new opId=0x70ba68000bd0
gdr116:67600:67637 [1] NCCL INFO Received and initiated operation=Init res=0
gdr116:67600:67642 [1] NCCL INFO resp.opId=0x70ba68000bd0 matches expected opId=0x70ba68000bd0
gdr116:67600:67642 [1] NCCL INFO Connected to proxy localRank 1 -> connection 0x70b94c000e10
gdr114:842736:842844 [1] ncclShmAllocateShareableBuffer, 560 NCCL INFO MMAP allocated shareable host buffer /dev/shm/nccl-iyMQmR size 9637888 ptr 0x7022297c6000
gdr114:842736:842844 [1] proxyProgressAsync, 1477 NCCL INFO proxyProgressAsync opId=0x702338000bd0 op.type=3 op.reqBuff=0x702224005af0 op.respSize=112 done
gdr114:842736:842848 [1] ncclPollProxyResponse, 1278 NCCL INFO ncclPollProxyResponse Received new opId=0x702338000bd0
gdr114:842736:842844 [1] ncclProxyService, 1691 NCCL INFO Received and initiated operation=Setup res=0
gdr114:842736:842848 [1] ncclPollProxyResponse, 1291 NCCL INFO resp.opId=0x702338000bd0 matches expected opId=0x702338000bd0
gdr114:842736:842844 [1] proxyConnInit, 1403 NCCL INFO New proxy recv connection 2 from local rank 1, transport 1
gdr114:842736:842844 [1] proxyProgressAsync, 1477 NCCL INFO proxyProgressAsync opId=0x702338000bd0 op.type=1 op.reqBuff=0x702224005af0 op.respSize=16 done
gdr114:842736:842848 [1] ncclPollProxyResponse, 1278 NCCL INFO ncclPollProxyResponse Received new opId=0x702338000bd0
gdr114:842736:842844 [1] ncclProxyService, 1691 NCCL INFO Received and initiated operation=Init res=0
gdr114:842736:842848 [1] ncclPollProxyResponse, 1291 NCCL INFO resp.opId=0x702338000bd0 matches expected opId=0x702338000bd0
gdr114:842736:842848 [1] ncclProxyConnect, 1134 NCCL INFO Connected to proxy localRank 1 -> connection 0x702224000e10
gdr116:67600:67637 [1] NCCL INFO Allocated 9637892 bytes of shared memory in /dev/shm/nccl-1fYEpK
gdr114:842736:842844 [1] ncclShmOpen, 91 NCCL INFO Allocated 9637892 bytes of shared memory in /dev/shm/nccl-nO6Rmp
gdr116:67600:67637 [1] NCCL INFO MMAP allocated shareable host buffer /dev/shm/nccl-1fYEpK size 9637888 ptr 0x70b988d9c000
